Component: ARM Compiler 5.06 update 1 (build 61) Tool: armlink [4d35a8]

==============================================================================

Section Cross References

    main.o(.text) refers to delay.o(.text) for delay_init
    main.o(.text) refers to misc.o(.text) for NVIC_PriorityGroupConfig
    main.o(.text) refers to usart.o(.text) for uart_init
    main.o(.text) refers to uart4.o(.text) for uart4_init
    main.o(.text) refers to led.o(.text) for LED_Init
    main.o(.text) refers to key.o(.text) for KEY_Init
    main.o(.text) refers to timer.o(.text) for TIM3_Int_Init
    main.o(.text) refers to ads115.o(.text) for ADS1115_Init
    main.o(.text) refers to dma.o(.text) for DMA_Config
    main.o(.text) refers to stm32f10x_usart.o(.text) for USART_DMACmd
    main.o(.text) refers to ads1292.o(.text) for ADS1292_Init
    main.o(.text) refers to exti.o(.text) for EXTIX_Init
    main.o(.text) refers to adc.o(.text) for Adc_Init
    main.o(.text) refers to mlx90614.o(.text) for SMBus_Init
    main.o(.text) refers to ad9954.o(.text) for AD9954_Init
    main.o(.text) refers to lcd.o(.text) for LCD_Init
    main.o(.text) refers to ffixui.o(.text) for __aeabi_f2uiz
    main.o(.text) refers to lcd.o(.data) for POINT_COLOR
    system_stm32f10x.o(.text) refers to system_stm32f10x.o(.data) for SystemCoreClock
    led.o(.text) refers to stm32f10x_rcc.o(.text) for RCC_APB2PeriphClockCmd
    led.o(.text) refers to stm32f10x_gpio.o(.text) for GPIO_Init
    key.o(.text) refers to stm32f10x_rcc.o(.text) for RCC_APB2PeriphClockCmd
    key.o(.text) refers to stm32f10x_gpio.o(.text) for GPIO_Init
    key.o(.text) refers to delay.o(.text) for delay_ms
    key.o(.text) refers to key.o(.data) for key_up
    timer.o(.text) refers to stm32f10x_rcc.o(.text) for RCC_APB1PeriphClockCmd
    timer.o(.text) refers to stm32f10x_tim.o(.text) for TIM_TimeBaseInit
    timer.o(.text) refers to misc.o(.text) for NVIC_Init
    timer.o(.text) refers to stm32f10x_gpio.o(.text) for GPIO_Init
    ads115.o(.text) refers to stm32f10x_rcc.o(.text) for RCC_APB2PeriphClockCmd
    ads115.o(.text) refers to stm32f10x_gpio.o(.text) for GPIO_Init
    ads115.o(.text) refers to ffltui.o(.text) for __aeabi_ui2f
    ads115.o(.text) refers to ffixui.o(.text) for __aeabi_f2uiz
    ads115.o(.text) refers to fadd.o(.text) for __aeabi_fadd
    ads115.o(.text) refers to fdiv.o(.text) for __aeabi_fdiv
    spi.o(.text) refers to stm32f10x_rcc.o(.text) for RCC_APB2PeriphClockCmd
    spi.o(.text) refers to stm32f10x_gpio.o(.text) for GPIO_Init
    spi.o(.text) refers to stm32f10x_spi.o(.text) for SPI_Init
    ads1292.o(.text) refers to spi.o(.text) for SPI2_ReadWriteByte
    ads1292.o(.text) refers to delay.o(.text) for delay_us
    ads1292.o(.text) refers to stm32f10x_rcc.o(.text) for RCC_APB2PeriphClockCmd
    ads1292.o(.text) refers to stm32f10x_gpio.o(.text) for GPIO_Init
    ads1292.o(.text) refers to exti.o(.text) for EXTIX_Init
    ads1292.o(.text) refers to ads1292.o(.bss) for ADS1292_REG
    ads1292.o(.text) refers to ads1292.o(.data) for Ads1292_Config1
    dma.o(.text) refers to delay.o(.text) for delay_ms
    exti.o(.text) refers to stm32f10x_rcc.o(.text) for RCC_APB2PeriphClockCmd
    exti.o(.text) refers to stm32f10x_gpio.o(.text) for GPIO_Init
    exti.o(.text) refers to stm32f10x_exti.o(.text) for EXTI_ClearITPendingBit
    exti.o(.text) refers to misc.o(.text) for NVIC_Init
    exti.o(.text) refers to ads1292.o(.text) for ADS1292_Read_Data
    exti.o(.text) refers to ads1292.o(.bss) for ads1292_Cache
    exti.o(.text) refers to ads1292.o(.data) for ads1292_recive_flag
    mlx90614.o(.text) refers to stm32f10x_rcc.o(.text) for RCC_APB2PeriphClockCmd
    mlx90614.o(.text) refers to stm32f10x_gpio.o(.text) for GPIO_Init
    mlx90614.o(.text) refers to dfltui.o(.text) for __aeabi_ui2d
    mlx90614.o(.text) refers to dmul.o(.text) for __aeabi_dmul
    mlx90614.o(.text) refers to dadd.o(.text) for __aeabi_dsub
    mlx90614.o(.text) refers to d2f.o(.text) for __aeabi_d2f
    mlx90614.o(.text) refers to fadd.o(.text) for __aeabi_fadd
    mlx90614.o(.text) refers to f2d.o(.text) for __aeabi_f2d
    mlx90614.o(.text) refers to ddiv.o(.text) for __aeabi_ddiv
    mlx90614.o(.text) refers to delay.o(.text) for delay_ms
    beep.o(.text) refers to stm32f10x_rcc.o(.text) for RCC_APB2PeriphClockCmd
    beep.o(.text) refers to stm32f10x_gpio.o(.text) for GPIO_Init
    adc.o(.text) refers to stm32f10x_rcc.o(.text) for RCC_APB2PeriphClockCmd
    adc.o(.text) refers to stm32f10x_gpio.o(.text) for GPIO_Init
    adc.o(.text) refers to stm32f10x_adc.o(.text) for ADC_DeInit
    adc.o(.text) refers to delay.o(.text) for delay_ms
    lcd.o(.text) refers to delay.o(.text) for delay_us
    lcd.o(.text) refers to lcd.o(.bss) for lcddev
    lcd.o(.text) refers to lcd.o(.data) for POINT_COLOR
    lcd.o(.text) refers to dfltui.o(.text) for __aeabi_ui2d
    lcd.o(.text) refers to dmul.o(.text) for __aeabi_dmul
    lcd.o(.text) refers to dfixui.o(.text) for __aeabi_d2uiz
[...]
    delay.o(.text) refers to system_stm32f10x.o(.data) for SystemCoreClock
    delay.o(.text) refers to delay.o(.data) for fac_us
    usart.o(.text) refers to stm32f10x_rcc.o(.text) for RCC_APB2PeriphClockCmd
    usart.o(.text) refers to stm32f10x_gpio.o(.text) for GPIO_Init
    usart.o(.text) refers to misc.o(.text) for NVIC_Init
    usart.o(.text) refers to stm32f10x_usart.o(.text) for USART_Init
    usart.o(.text) refers to usart.o(.data) for USART_RX_STA
    usart.o(.text) refers to usart.o(.bss) for USART_RX_BUF
    uart4.o(.text) refers to stm32f10x_rcc.o(.text) for RCC_APB1PeriphClockCmd
    uart4.o(.text) refers to stm32f10x_gpio.o(.text) for GPIO_Init
    uart4.o(.text) refers to misc.o(.text) for NVIC_Init
    uart4.o(.text) refers to stm32f10x_usart.o(.text) for USART_Init
    uart4.o(.text) refers to printfa.o(i.__0vsprintf) for __c89vsprintf
    uart4.o(.text) refers to strlen.o(.text) for strlen
    uart4.o(.text) refers to uart4.o(.data) for UART4_RX_STA
    uart4.o(.text) refers to uart4.o(.bss) for UART4_RX_BUF
    startup_stm32f10x_hd.o(RESET) refers to startup_stm32f10x_hd.o(STACK) for __initial_sp
    startup_stm32f10x_hd.o(RESET) refers to startup_stm32f10x_hd.o(.text) for Reset_Handler
    startup_stm32f10x_hd.o(RESET) refers to stm32f10x_it.o(.text) for NMI_Handler
    startup_stm32f10x_hd.o(RESET) refers to exti.o(.text) for EXTI9_5_IRQHandler
    startup_stm32f10x_hd.o(RESET) refers to timer.o(.text) for TIM3_IRQHandler
    startup_stm32f10x_hd.o(RESET) refers to usart.o(.text) for USART1_IRQHandler
    startup_stm32f10x_hd.o(RESET) refers to uart4.o(.text) for UART4_IRQHandler
    startup_stm32f10x_hd.o(.text) refers to system_stm32f10x.o(.text) for SystemInit
    startup_stm32f10x_hd.o(.text) refers to entry.o(.ARM.Collect$$$$00000000) for __main
    stm32f10x_gpio.o(.text) refers to stm32f10x_rcc.o(.text) for RCC_APB2PeriphResetCmd
    stm32f10x_rcc.o(.text) refers to stm32f10x_rcc.o(.data) for APBAHBPrescTable
    stm32f10x_tim.o(.text) refers to stm32f10x_rcc.o(.text) for RCC_APB2PeriphResetCmd
    stm32f10x_usart.o(.text) refers to stm32f10x_rcc.o(.text) for RCC_APB2PeriphResetCmd
    stm32f10x_spi.o(.text) refers to stm32f10x_rcc.o(.text) for RCC_APB2PeriphResetCmd
    stm32f10x_adc.o(.text) refers to stm32f10x_rcc.o(.text) for RCC_APB2PeriphResetCmd
    entry.o(.ARM.Collect$$$$00000000) refers (Special) to entry10a.o(.ARM.Collect$$$$0000000D) for __rt_final_cpp
    entry.o(.ARM.Collect$$$$00000000) refers (Special) to entry11a.o(.ARM.Collect$$$$0000000F) for __rt_final_exit
    entry.o(.ARM.Collect$$$$00000000) refers (Special) to entry7b.o(.ARM.Collect$$$$00000008) for _main_clock
    entry.o(.ARM.Collect$$$$00000000) refers (Special) to entry8b.o(.ARM.Collect$$$$0000000A) for _main_cpp_init
    entry.o(.ARM.Collect$$$$00000000) refers (Special) to entry9a.o(.ARM.Collect$$$$0000000B) for _main_init
    entry.o(.ARM.Collect$$$$00000000) refers (Special) to entry5.o(.ARM.Collect$$$$00000004) for _main_scatterload
    entry.o(.ARM.Collect$$$$00000000) refers (Special) to entry2.o(.ARM.Collect$$$$00000001) for _main_stk
    printfa.o(i.__0fprintf) refers (Special) to iusefp.o(.text) for __I$use$fp
    printfa.o(i.__0fprintf) refers to printfa.o(i._printf_core) for _printf_core
    printfa.o(i.__0fprintf) refers to usart.o(.text) for fputc
    printfa.o(i.__0printf) refers (Special) to iusefp.o(.text) for __I$use$fp
    printfa.o(i.__0printf) refers to printfa.o(i._printf_core) for _printf_core
    printfa.o(i.__0printf) refers to usart.o(.text) for fputc
    printfa.o(i.__0printf) refers to usart.o(.data) for __stdout
    printfa.o(i.__0snprintf) refers (Special) to iusefp.o(.text) for __I$use$fp
    printfa.o(i.__0snprintf) refers to printfa.o(i._printf_core) for _printf_core
    printfa.o(i.__0snprintf) refers to printfa.o(i._snputc) for _snputc
    printfa.o(i.__0sprintf) refers (Special) to iusefp.o(.text) for __I$use$fp
    printfa.o(i.__0sprintf) refers to printfa.o(i._printf_core) for _printf_core
    printfa.o(i.__0sprintf) refers to printfa.o(i._sputc) for _sputc
    printfa.o(i.__0vfprintf) refers (Special) to iusefp.o(.text) for __I$use$fp
    printfa.o(i.__0vfprintf) refers to printfa.o(i._printf_core) for _printf_core
    printfa.o(i.__0vfprintf) refers to usart.o(.text) for fputc
    printfa.o(i.__0vprintf) refers (Special) to iusefp.o(.text) for __I$use$fp
    printfa.o(i.__0vprintf) refers to printfa.o(i._printf_core) for _printf_core
    printfa.o(i.__0vprintf) refers to usart.o(.text) for fputc
    printfa.o(i.__0vprintf) refers to usart.o(.data) for __stdout
    printfa.o(i.__0vsnprintf) refers (Special) to iusefp.o(.text) for __I$use$fp
    printfa.o(i.__0vsnprintf) refers to printfa.o(i._printf_core) for _printf_core
    printfa.o(i.__0vsnprintf) refers to printfa.o(i._snputc) for _snputc
    printfa.o(i.__0vsprintf) refers (Special) to iusefp.o(.text) for __I$use$fp
    printfa.o(i.__0vsprintf) refers to printfa.o(i._printf_core) for _printf_core
    printfa.o(i.__0vsprintf) refers to printfa.o(i._sputc) for _sputc
    printfa.o(i._fp_digits) refers (Special) to iusefp.o(.text) for __I$use$fp
    printfa.o(i._fp_digits) refers to dmul.o(.text) for __aeabi_dmul
    printfa.o(i._fp_digits) refers to ddiv.o(.text) for __aeabi_ddiv
    printfa.o(i._fp_digits) refers to cdrcmple.o(.text) for __aeabi_cdrcmple
    printfa.o(i._fp_digits) refers to dadd.o(.text) for __aeabi_dadd
    printfa.o(i._fp_digits) refers to dfixul.o(.text) for __aeabi_d2ulz
    printfa.o(i._fp_digits) refers to uldiv.o(.text) for __aeabi_uldivmod
    printfa.o(i._printf_core) refers (Special) to iusefp.o(.text) for __I$use$fp
    printfa.o(i._printf_core) refers to printfa.o(i._printf_pre_padding) for _printf_pre_padding
    printfa.o(i._printf_core) refers to uldiv.o(.text) for __aeabi_uldivmod
    printfa.o(i._printf_core) refers to printfa.o(i._printf_post_padding) for _printf_post_padding
    printfa.o(i._printf_core) refers to printfa.o(i._fp_digits) for _fp_digits
    printfa.o(i._printf_core) refers to uidiv.o(.text) for __aeabi_uidivmod
    printfa.o(i._printf_post_padding) refers (Special) to iusefp.o(.text) for __I$use$fp
    printfa.o(i._printf_pre_padding) refers (Special) to iusefp.o(.text) for __I$use$fp
    printfa.o(i._snputc) refers (Special) to iusefp.o(.text) for __I$use$fp
    printfa.o(i._sputc) refers (Special) to iusefp.o(.text) for __I$use$fp
    fadd.o(.text) refers (Special) to iusefp.o(.text) for __I$use$fp
    fadd.o(.text) refers to fepilogue.o(.text) for _float_epilogue
    fdiv.o(.text) refers (Special) to iusefp.o(.text) for __I$use$fp
    fdiv.o(.text) refers to fepilogue.o(.text) for _float_round
    dadd.o(.text) refers (Special) to iusefp.o(.text) for __I$use$fp
    dadd.o(.text) refers to llshl.o(.text) for __aeabi_llsl
    dadd.o(.text) refers to llsshr.o(.text) for __aeabi_lasr
    dadd.o(.text) refers to depilogue.o(.text) for _double_epilogue
    dmul.o(.text) refers (Special) to iusefp.o(.text) for __I$use$fp
    dmul.o(.text) refers to depilogue.o(.text) for _double_epilogue
    ddiv.o(.text) refers (Special) to iusefp.o(.text) for __I$use$fp
    ddiv.o(.text) refers to depilogue.o(.text) for _double_round
    ffltui.o(.text) refers (Special) to iusefp.o(.text) for __I$use$fp
    ffltui.o(.text) refers to fepilogue.o(.text) for _float_epilogue
    dfltui.o(.text) refers (Special) to iusefp.o(.text) for __I$use$fp
    dfltui.o(.text) refers to depilogue.o(.text) for _double_epilogue
    ffixui.o(.text) refers (Special) to iusefp.o(.text) for __I$use$fp
    dfixui.o(.text) refers (Special) to iusefp.o(.text) for __I$use$fp
    dfixui.o(.text) refers to llushr.o(.text) for __aeabi_llsr
    f2d.o(.text) refers (Special) to iusefp.o(.text) for __I$use$fp
    d2f.o(.text) refers (Special) to iusefp.o(.text) for __I$use$fp
    d2f.o(.text) refers to fepilogue.o(.text) for _float_round
    entry2.o(.ARM.Collect$$$$00000001) refers to entry2.o(.ARM.Collect$$$$00002712) for __lit__00000000
    entry2.o(.ARM.Collect$$$$00002712) refers to startup_stm32f10x_hd.o(STACK) for __initial_sp
    entry2.o(__vectab_stack_and_reset_area) refers to startup_stm32f10x_hd.o(STACK) for __initial_sp
    entry2.o(__vectab_stack_and_reset_area) refers to entry.o(.ARM.Collect$$$$00000000) for __main
    entry5.o(.ARM.Collect$$$$00000004) refers to init.o(.text) for __scatterload
    entry9a.o(.ARM.Collect$$$$0000000B) refers to main.o(.text) for main
    entry9b.o(.ARM.Collect$$$$0000000C) refers to main.o(.text) for main
    uldiv.o(.text) refers to llushr.o(.text) for __aeabi_llsr
    uldiv.o(.text) refers to llshl.o(.text) for __aeabi_llsl
    depilogue.o(.text) refers to llshl.o(.text) for __aeabi_llsl
    depilogue.o(.text) refers to llushr.o(.text) for __aeabi_llsr
    dfixul.o(.text) refers to llushr.o(.text) for __aeabi_llsr
    dfixul.o(.text) refers to llshl.o(.text) for __aeabi_llsl
    init.o(.text) refers to entry5.o(.ARM.Collect$$$$00000004) for __main_after_scatterload


==============================================================================

Removing Unused input sections from the image.

    Removing beep.o(.text), (52 bytes).
    Removing sys.o(.emb_text), (6 bytes).
    Removing sys.o(.text), (12 bytes).
    Removing core_cm3.o(.emb_text), (32 bytes).
    Removing startup_stm32f10x_hd.o(HEAP), (512 bytes).

5 unused section(s) (total 614 bytes) removed from the image.

==============================================================================

Image Symbol Table

    Local Symbols

    Symbol Name                              Value     Ov Type        Size  Object(Section)

    ../clib/microlib/division.c              0x00000000   Number         0  uidiv.o ABSOLUTE
    ../clib/microlib/division.c              0x00000000   Number         0  uldiv.o ABSOLUTE
    ../clib/microlib/init/entry.s            0x00000000   Number         0  entry11b.o ABSOLUTE
    ../clib/microlib/init/entry.s            0x00000000   Number         0  entry8a.o ABSOLUTE
    ../clib/microlib/init/entry.s            0x00000000   Number         0  entry7b.o ABSOLUTE
    ../clib/microlib/init/entry.s            0x00000000   Number         0  entry7a.o ABSOLUTE
    ../clib/microlib/init/entry.s            0x00000000   Number         0  entry10b.o ABSOLUTE
    ../clib/microlib/init/entry.s            0x00000000   Number         0  entry10a.o ABSOLUTE
    ../clib/microlib/init/entry.s            0x00000000   Number         0  entry2.o ABSOLUTE
    ../clib/microlib/init/entry.s            0x00000000   Number         0  entry9b.o ABSOLUTE
    ../clib/microlib/init/entry.s            0x00000000   Number         0  entry9a.o ABSOLUTE
    ../clib/microlib/init/entry.s            0x00000000   Number         0  entry5.o ABSOLUTE
    ../clib/microlib/init/entry.s            0x00000000   Number         0  entry.o ABSOLUTE
    ../clib/microlib/init/entry.s            0x00000000   Number         0  entry8b.o ABSOLUTE
    ../clib/microlib/init/entry.s            0x00000000   Number         0  entry11a.o ABSOLUTE
    ../clib/microlib/longlong.c              0x00000000   Number         0  llsshr.o ABSOLUTE
    ../clib/microlib/longlong.c              0x00000000   Number         0  llushr.o ABSOLUTE
    ../clib/microlib/longlong.c              0x00000000   Number         0  llshl.o ABSOLUTE
    ../clib/microlib/printf/printf.c         0x00000000   Number         0  printfa.o ABSOLUTE
    ../clib/microlib/string/strlen.c         0x00000000   Number         0  strlen.o ABSOLUTE
    ../clib/microlib/stubs.s                 0x00000000   Number         0  useno.o ABSOLUTE
    ../clib/microlib/stubs.s                 0x00000000   Number         0  iusefp.o ABSOLUTE
    ../fplib/microlib/d2f.c                  0x00000000   Number         0  d2f.o ABSOLUTE
    ../fplib/microlib/f2d.c                  0x00000000   Number         0  f2d.o ABSOLUTE
    ../fplib/microlib/fpadd.c                0x00000000   Number         0  fadd.o ABSOLUTE
    ../fplib/microlib/fpadd.c                0x00000000   Number         0  dadd.o ABSOLUTE
    ../fplib/microlib/fpdiv.c                0x00000000   Number         0  ddiv.o ABSOLUTE
    ../fplib/microlib/fpdiv.c                0x00000000   Number         0  fdiv.o ABSOLUTE
    ../fplib/microlib/fpepilogue.c           0x00000000   Number         0  depilogue.o ABSOLUTE
    ../fplib/microlib/fpepilogue.c           0x00000000   Number         0  fepilogue.o ABSOLUTE
    ../fplib/microlib/fpfix.c                0x00000000   Number         0  dfixui.o ABSOLUTE
    ../fplib/microlib/fpfix.c                0x00000000   Number         0  ffixui.o ABSOLUTE
    ../fplib/microlib/fpfix.c                0x00000000   Number         0  dfixul.o ABSOLUTE
    ../fplib/microlib/fpflt.c                0x00000000   Number         0  dfltui.o ABSOLUTE
    ../fplib/microlib/fpflt.c                0x00000000   Number         0  ffltui.o ABSOLUTE
    ../fplib/microlib/fpmul.c                0x00000000   Number         0  dmul.o ABSOLUTE
    ..\CORE\core_cm3.c                       0x00000000   Number         0  core_cm3.o ABSOLUTE
    ..\CORE\startup_stm32f10x_hd.s           0x00000000   Number         0  startup_stm32f10x_hd.o ABSOLUTE
    ..\HARDWARE\AD9954\AD9954.c              0x00000000   Number         0  ad9954.o ABSOLUTE
    ..\HARDWARE\ADC\adc.c                    0x00000000   Number         0  adc.o ABSOLUTE
    ..\HARDWARE\ADS1115\ads115.c             0x00000000   Number         0  ads115.o ABSOLUTE
    ..\HARDWARE\ADS1292\ADS1292.C            0x00000000   Number         0  ads1292.o ABSOLUTE
    ..\HARDWARE\BEEP\beep.c                  0x00000000   Number         0  beep.o ABSOLUTE
    ..\HARDWARE\DMA\dma.c                    0x00000000   Number         0  dma.o ABSOLUTE
    ..\HARDWARE\EXTI\exti.c                  0x00000000   Number         0  exti.o ABSOLUTE
    ..\HARDWARE\KEY\key.c                    0x00000000   Number         0  key.o ABSOLUTE
    ..\HARDWARE\LCD\lcd.c                    0x00000000   Number         0  lcd.o ABSOLUTE
    ..\HARDWARE\LED\led.c                    0x00000000   Number         0  led.o ABSOLUTE
    ..\HARDWARE\MLX90614\mlx90614.c          0x00000000   Number         0  mlx90614.o ABSOLUTE
    ..\HARDWARE\SPI\spi.c                    0x00000000   Number         0  spi.o ABSOLUTE
    ..\HARDWARE\TIMER\timer.c                0x00000000   Number         0  timer.o ABSOLUTE
    ..\STM32F10x_FWLib\src\misc.c            0x00000000   Number         0  misc.o ABSOLUTE
    ..\STM32F10x_FWLib\src\stm32f10x_adc.c   0x00000000   Number         0  stm32f10x_adc.o ABSOLUTE
    ..\STM32F10x_FWLib\src\stm32f10x_exti.c  0x00000000   Number         0  stm32f10x_exti.o ABSOLUTE
    ..\STM32F10x_FWLib\src\stm32f10x_fsmc.c  0x00000000   Number         0  stm32f10x_fsmc.o ABSOLUTE
    ..\STM32F10x_FWLib\src\stm32f10x_gpio.c  0x00000000   Number         0  stm32f10x_gpio.o ABSOLUTE
    ..\STM32F10x_FWLib\src\stm32f10x_rcc.c   0x00000000   Number         0  stm32f10x_rcc.o ABSOLUTE
    ..\STM32F10x_FWLib\src\stm32f10x_spi.c   0x00000000   Number         0  stm32f10x_spi.o ABSOLUTE
    ..\STM32F10x_FWLib\src\stm32f10x_tim.c   0x00000000   Number         0  stm32f10x_tim.o ABSOLUTE
    ..\STM32F10x_FWLib\src\stm32f10x_usart.c 0x00000000   Number         0  stm32f10x_usart.o ABSOLUTE
    ..\SYSTEM\delay\delay.c                  0x00000000   Number         0  delay.o ABSOLUTE
    ..\SYSTEM\sys\sys.c                      0x00000000   Number         0  sys.o ABSOLUTE
    ..\SYSTEM\uart4\uart4.c                  0x00000000   Number         0  uart4.o ABSOLUTE
    ..\SYSTEM\usart\usart.c                  0x00000000   Number         0  usart.o ABSOLUTE
    ..\\CORE\\core_cm3.c                     0x00000000   Number         0  core_cm3.o ABSOLUTE
    ..\\SYSTEM\\sys\\sys.c                   0x00000000   Number         0  sys.o ABSOLUTE
    cdrcmple.s                               0x00000000   Number         0  cdrcmple.o ABSOLUTE
    dc.s                                     0x00000000   Number         0  dc.o ABSOLUTE
    handlers.s                               0x00000000   Number         0  handlers.o ABSOLUTE
    init.s                                   0x00000000   Number         0  init.o ABSOLUTE
    main.c                                   0x00000000   Number         0  main.o ABSOLUTE
    stm32f10x_it.c                           0x00000000   Number         0  stm32f10x_it.o ABSOLUTE
    system_stm32f10x.c                       0x00000000   Number         0  system_stm32f10x.o ABSOLUTE
    RESET                                    0x08000000   Section      304  startup_stm32f10x_hd.o(RESET)
    .ARM.Collect$$$$00000000                 0x08000130   Section        0  entry.o(.ARM.Collect$$$$00000000)
    .ARM.Collect$$$$00000001                 0x08000130   Section        4  entry2.o(.ARM.Collect$$$$00000001)
    .ARM.Collect$$$$00000004                 0x08000134   Section        4  entry5.o(.ARM.Collect$$$$00000004)
    .ARM.Collect$$$$00000008                 0x08000138   Section        0  entry7b.o(.ARM.Collect$$$$00000008)
    .ARM.Collect$$$$0000000A                 0x08000138   Section        0  entry8b.o(.ARM.Collect$$$$0000000A)
    .ARM.Collect$$$$0000000B                 0x08000138   Section        8  entry9a.o(.ARM.Collect$$$$0000000B)
    .ARM.Collect$$$$0000000D                 0x08000140   Section        0  entry10a.o(.ARM.Collect$$$$0000000D)
    .ARM.Collect$$$$0000000F                 0x08000140   Section        0  entry11a.o(.ARM.Collect$$$$0000000F)
    .ARM.Collect$$$$00002712                 0x08000140   Section        4  entry2.o(.ARM.Collect$$$$00002712)
    __lit__00000000                          0x08000140   Data           4  entry2.o(.ARM.Collect$$$$00002712)
    .text                                    0x08000144   Section        0  main.o(.text)
    .text                                    0x08000208   Section        0  stm32f10x_it.o(.text)
    .text                                    0x08000224   Section        0  system_stm32f10x.o(.text)
    SetSysClockTo72                          0x08000225   Thumb Code   214  system_stm32f10x.o(.text)
    SetSysClock                              0x080002fb   Thumb Code     8  system_stm32f10x.o(.text)
    .text                                    0x08000404   Section        0  led.o(.text)
    .text                                    0x08000438   Section        0  key.o(.text)
    .text                                    0x08000574   Section        0  timer.o(.text)
    .text                                    0x080006dc   Section        0  ads115.o(.text)
    ADS1115_delay                            0x080006dd   Thumb Code    12  ads115.o(.text)
    .text                                    0x08000a24   Section        0  spi.o(.text)
    .text                                    0x08000af4   Section        0  ads1292.o(.text)
    .text                                    0x0800100c   Section        0  dma.o(.text)
    .text                                    0x08001088   Section        0  exti.o(.text)
    .text                                    0x08001128   Section        0  mlx90614.o(.text)
    .text                                    0x080014e8   Section        0  adc.o(.text)
    .text                                    0x080015d0   Section        0  lcd.o(.text)
    .text                                    0x0800600c   Section        0  ad9954.o(.text)
    .text                                    0x08006c78   Section        0  delay.o(.text)
    .text                                    0x08006db4   Section        0  usart.o(.text)
    .text                                    0x08006ef4   Section        0  uart4.o(.text)
    .text                                    0x08007068   Section       36  startup_stm32f10x_hd.o(.text)
    .text                                    0x0800708c   Section        0  misc.o(.text)
    .text                                    0x08007168   Section        0  stm32f10x_gpio.o(.text)
    .text                                    0x080074c4   Section        0  stm32f10x_rcc.o(.text)
    .text                                    0x08007868   Section        0  stm32f10x_tim.o(.text)
    TI4_Config                               0x08007d0f   Thumb Code   130  stm32f10x_tim.o(.text)
    TI3_Config                               0x08007da3   Thumb Code   122  stm32f10x_tim.o(.text)
    TI2_Config                               0x08007e37   Thumb Code   130  stm32f10x_tim.o(.text)
    TI1_Config                               0x08007ecb   Thumb Code   108  stm32f10x_tim.o(.text)
    .text                                    0x08008684   Section        0  stm32f10x_usart.o(.text)
    .text                                    0x08008a8c   Section        0  stm32f10x_exti.o(.text)
    .text                                    0x08008ba8   Section        0  stm32f10x_spi.o(.text)
    .text                                    0x08008eb4   Section        0  stm32f10x_adc.o(.text)
    .text                                    0x08009304   Section        0  stm32f10x_fsmc.o(.text)
    .text                                    0x08009910   Section        0  strlen.o(.text)
    .text                                    0x0800991e   Section        0  fadd.o(.text)
    .text                                    0x080099ce   Section        0  fdiv.o(.text)
    .text                                    0x08009a4a   Section        0  dadd.o(.text)
    .text                                    0x08009b98   Section        0  dmul.o(.text)
    .text                                    0x08009c7c   Section        0  ddiv.o(.text)
    .text                                    0x08009d5a   Section        0  ffltui.o(.text)
    .text                                    0x08009d64   Section        0  dfltui.o(.text)
    .text                                    0x08009d7e   Section        0  ffixui.o(.text)
    .text                                    0x08009da6   Section        0  dfixui.o(.text)
    .text                                    0x08009dd8   Section        0  f2d.o(.text)
    .text                                    0x08009dfe   Section        0  d2f.o(.text)
    .text                                    0x08009e36   Section        0  uidiv.o(.text)
    .text                                    0x08009e62   Section        0  uldiv.o(.text)
    .text                                    0x08009ec4   Section        0  llshl.o(.text)
    .text                                    0x08009ee2   Section        0  llushr.o(.text)
    .text                                    0x08009f02   Section        0  llsshr.o(.text)
    .text                                    0x08009f26   Section        0  fepilogue.o(.text)
    .text                                    0x08009f26   Section        0  iusefp.o(.text)
    .text                                    0x08009f94   Section        0  depilogue.o(.text)
    .text                                    0x0800a04e   Section        0  dfixul.o(.text)
    .text                                    0x0800a080   Section       48  cdrcmple.o(.text)
    .text                                    0x0800a0b0   Section       36  init.o(.text)
    i.__0vsprintf                            0x0800a0d4   Section        0  printfa.o(i.__0vsprintf)
    i.__scatterload_copy                     0x0800a0f8   Section       14  handlers.o(i.__scatterload_copy)
    i.__scatterload_null                     0x0800a106   Section        2  handlers.o(i.__scatterload_null)
    i.__scatterload_zeroinit                 0x0800a108   Section       14  handlers.o(i.__scatterload_zeroinit)
    i._fp_digits                             0x0800a118   Section        0  printfa.o(i._fp_digits)
    _fp_digits                               0x0800a119   Thumb Code   334  printfa.o(i._fp_digits)
    i._printf_core                           0x0800a27c   Section        0  printfa.o(i._printf_core)
    _printf_core                             0x0800a27d   Thumb Code  1744  printfa.o(i._printf_core)
    i._printf_post_padding                   0x0800a958   Section        0  printfa.o(i._printf_post_padding)
    _printf_post_padding                     0x0800a959   Thumb Code    36  printfa.o(i._printf_post_padding)
    i._printf_pre_padding                    0x0800a97c   Section        0  printfa.o(i._printf_pre_padding)
    _printf_pre_padding                      0x0800a97d   Thumb Code    46  printfa.o(i._printf_pre_padding)
    i._sputc                                 0x0800a9aa   Section        0  printfa.o(i._sputc)
    _sputc                                   0x0800a9ab   Thumb Code    10  printfa.o(i._sputc)
    .constdata                               0x0800a9b4   Section     6080  lcd.o(.constdata)
    .data                                    0x20000000   Section       20  system_stm32f10x.o(.data)
    .data                                    0x20000014   Section        1  key.o(.data)
    key_up                                   0x20000014   Data           1  key.o(.data)
    .data                                    0x20000015   Section       32  ads1292.o(.data)
    .data                                    0x20000036   Section        4  lcd.o(.data)
    .data                                    0x20000040   Section        8  ad9954.o(.data)
    .data                                    0x20000048   Section        4  delay.o(.data)
    fac_us                                   0x20000048   Data           1  delay.o(.data)
    fac_ms                                   0x2000004a   Data           2  delay.o(.data)
    .data                                    0x2000004c   Section        6  usart.o(.data)
    .data                                    0x20000052   Section        2  uart4.o(.data)
    .data                                    0x20000054   Section       20  stm32f10x_rcc.o(.data)
    APBAHBPrescTable                         0x20000054   Data          16  stm32f10x_rcc.o(.data)
    ADCPrescTable                            0x20000064   Data           4  stm32f10x_rcc.o(.data)
    .bss                                     0x20000068   Section       21  ads1292.o(.bss)
    .bss                                     0x2000007e   Section       14  lcd.o(.bss)
    .bss                                     0x2000008c   Section      200  usart.o(.bss)
    .bss                                     0x20000154   Section      400  uart4.o(.bss)
    STACK                                    0x200002e8   Section     1024  startup_stm32f10x_hd.o(STACK)

    Global Symbols

    Symbol Name                              Value     Ov Type        Size  Object(Section)

    BuildAttributes$$THM_ISAv4$P$D$K$B$S$PE$A:L22UL41UL21$X:L11$S22US41US21$IEEE1$IW$USESV6$~STKCKD$USESV7$~SHL$OTIME$ROPI$EBA8$MICROLIB$REQ8$PRES8$EABIv2 0x00000000   Number         0  anon$$obj.o ABSOLUTE
    __ARM_use_no_argv                        0x00000000   Number         0  main.o ABSOLUTE
    __use_no_errno                           0x00000000   Number         0  useno.o ABSOLUTE
    __use_no_exception_handling              0x00000000   Number         0  useno.o ABSOLUTE
    __use_no_fp                              0x00000000   Number         0  useno.o ABSOLUTE
    __use_no_heap                            0x00000000   Number         0  useno.o ABSOLUTE
    __use_no_heap_region                     0x00000000   Number         0  useno.o ABSOLUTE
    __use_no_semihosting                     0x00000000   Number         0  useno.o ABSOLUTE
    __use_no_semihosting_swi                 0x00000000   Number         0  useno.o ABSOLUTE
    __use_no_signal_handling                 0x00000000   Number         0  useno.o ABSOLUTE
    __cpp_initialize__aeabi_                  - Undefined Weak Reference
    __cxa_finalize                            - Undefined Weak Reference
    __decompress                              - Undefined Weak Reference
    _clock_init                               - Undefined Weak Reference
    _microlib_exit                            - Undefined Weak Reference
    __Vectors_Size                           0x00000130   Number         0  startup_stm32f10x_hd.o ABSOLUTE
    __Vectors                                0x08000000   Data           4  startup_stm32f10x_hd.o(RESET)
    __Vectors_End                            0x08000130   Data           0  startup_stm32f10x_hd.o(RESET)
    __main                                   0x08000131   Thumb Code     0  entry.o(.ARM.Collect$$$$00000000)
    _main_stk                                0x08000131   Thumb Code     0  entry2.o(.ARM.Collect$$$$00000001)
    _main_scatterload                        0x08000135   Thumb Code     0  entry5.o(.ARM.Collect$$$$00000004)
    __main_after_scatterload                 0x08000139   Thumb Code     0  entry5.o(.ARM.Collect$$$$00000004)
    _main_clock                              0x08000139   Thumb Code     0  entry7b.o(.ARM.Collect$$$$00000008)
    _main_cpp_init                           0x08000139   Thumb Code     0  entry8b.o(.ARM.Collect$$$$0000000A)
    _main_init                               0x08000139   Thumb Code     0  entry9a.o(.ARM.Collect$$$$0000000B)
    __rt_final_cpp                           0x08000141   Thumb Code     0  entry10a.o(.ARM.Collect$$$$0000000D)
    __rt_final_exit                          0x08000141   Thumb Code     0  entry11a.o(.ARM.Collect$$$$0000000F)
    main                                     0x08000145   Thumb Code   182  main.o(.text)
    NMI_Handler                              0x08000209   Thumb Code     2  stm32f10x_it.o(.text)
    HardFault_Handler                        0x0800020b   Thumb Code     4  stm32f10x_it.o(.text)
    MemManage_Handler                        0x0800020f   Thumb Code     4  stm32f10x_it.o(.text)
    BusFault_Handler                         0x08000213   Thumb Code     4  stm32f10x_it.o(.text)
    UsageFault_Handler                       0x08000217   Thumb Code     4  stm32f10x_it.o(.text)
    SVC_Handler                              0x0800021b   Thumb Code     2  stm32f10x_it.o(.text)
    DebugMon_Handler                         0x0800021d   Thumb Code     2  stm32f10x_it.o(.text)
    PendSV_Handler                           0x0800021f   Thumb Code     2  stm32f10x_it.o(.text)
    SysTick_Handler                          0x08000221   Thumb Code     2  stm32f10x_it.o(.text)
    SystemInit                               0x08000303   Thumb Code    78  system_stm32f10x.o(.text)
    SystemCoreClockUpdate                    0x08000351   Thumb Code   142  system_stm32f10x.o(.text)
    LED_Init                                 0x08000405   Thumb Code    46  led.o(.text)
    KEY_Init                                 0x08000439   Thumb Code    46  key.o(.text)
    KEY_Scan                                 0x08000467   Thumb Code   258  key.o(.text)
    TIM3_Int_Init                            0x08000575   Thumb Code    90  timer.o(.text)
    TIM3_IRQHandler                          0x080005cf   Thumb Code    78  timer.o(.text)
    TIM4_PWM_Init                            0x0800061d   Thumb Code   172  timer.o(.text)
    delay_nms                                0x080006e9   Thumb Code    28  ads115.o(.text)
    delay_nus                                0x08000705   Thumb Code    28  ads115.o(.text)
    ADS1115_Init                             0x08000721   Thumb Code    84  ads115.o(.text)
    I2CStart_A                               0x08000775   Thumb Code    56  ads115.o(.text)
    I2CStop_A                                0x080007ad   Thumb Code    42  ads115.o(.text)
    I2CWriteByte_A                           0x080007d7   Thumb Code    98  ads115.o(.text)
    I2CReadByte_A                            0x08000839   Thumb Code   118  ads115.o(.text)
    ADS1115Config_A                          0x080008af   Thumb Code    68  ads115.o(.text)
    SetThresHold_A                           0x080008f3   Thumb Code    78  ads115.o(.text)
    ReadAD_A                                 0x08000941   Thumb Code    86  ads115.o(.text)
    getad                                    0x08000997   Thumb Code    42  ads115.o(.text)
    lvbo                                     0x080009c1   Thumb Code    70  ads115.o(.text)
    SPI2_Init                                0x08000a25   Thumb Code   120  spi.o(.text)
    SPI2_ReadWriteByte                       0x08000a9d   Thumb Code    78  spi.o(.text)
    ADS1292_SPI                              0x08000af5   Thumb Code    12  ads1292.o(.text)
    ADS1292_Send_CMD                         0x08000b01   Thumb Code    38  ads1292.o(.text)
    ADS1292_WR_REGS                          0x08000b27   Thumb Code   120  ads1292.o(.text)
    ADS1292_PowerOnInit                      0x08000b9f   Thumb Code    68  ads1292.o(.text)
    ADS1292_Init                             0x08000be3   Thumb Code    70  ads1292.o(.text)
    ADS1292_Read_Data                        0x08000c29   Thumb Code    42  ads1292.o(.text)
    ADS1292_SET_REGBUFF                      0x08000c53   Thumb Code   574  ads1292.o(.text)
    ADS1292_WRITE_REGBUFF                    0x08000e91   Thumb Code   164  ads1292.o(.text)
    ADS1292_Single_Test                      0x08000f35   Thumb Code    38  ads1292.o(.text)
    ADS1292_Noise_Test                       0x08000f5b   Thumb Code    38  ads1292.o(.text)
    ADS1292_Single_Read                      0x08000f81   Thumb Code    36  ads1292.o(.text)
    Set_ADS1292_Collect                      0x08000fa5   Thumb Code    82  ads1292.o(.text)
    get_volt                                 0x08000ff7   Thumb Code    10  ads1292.o(.text)
    DMA_Config                               0x0800100d   Thumb Code   100  dma.o(.text)
    DMA_Enable                               0x08001071   Thumb Code    20  dma.o(.text)
    EXTIX_Init                               0x08001089   Thumb Code   100  exti.o(.text)
    EXTI9_5_IRQHandler                       0x080010ed   Thumb Code    38  exti.o(.text)
    SMBus_Delay                              0x08001129   Thumb Code    26  mlx90614.o(.text)
    SMBus_StartBit                           0x08001143   Thumb Code    62  mlx90614.o(.text)
    SMBus_StopBit                            0x08001181   Thumb Code    56  mlx90614.o(.text)
    SMBus_ReceiveBit                         0x080011b9   Thumb Code    66  mlx90614.o(.text)
    SMBus_SendBit                            0x080011fb   Thumb Code    62  mlx90614.o(.text)
    SMBus_SendByte                           0x08001239   Thumb Code    48  mlx90614.o(.text)
    SMBus_ReceiveByte                        0x08001269   Thumb Code    50  mlx90614.o(.text)
    SMBus_Init                               0x0800129b   Thumb Code    84  mlx90614.o(.text)
    PEC_Calculation                          0x080012ef   Thumb Code   186  mlx90614.o(.text)
    SMBus_ReadMemory                         0x080013a9   Thumb Code   166  mlx90614.o(.text)
    SMBus_ReadTemp                           0x0800144f   Thumb Code    54  mlx90614.o(.text)
    Get_GY906                                0x08001485   Thumb Code    74  mlx90614.o(.text)
    Adc_Init                                 0x080014e9   Thumb Code   132  adc.o(.text)
    Get_Adc                                  0x0800156d   Thumb Code    46  adc.o(.text)
    Get_Adc_Average                          0x0800159b   Thumb Code    46  adc.o(.text)
    LCD_WR_REG                               0x080015d1   Thumb Code     6  lcd.o(.text)
    LCD_WR_DATA                              0x080015d7   Thumb Code     8  lcd.o(.text)
    LCD_RD_DATA                              0x080015df   Thumb Code    16  lcd.o(.text)
    LCD_WriteReg                             0x080015ef   Thumb Code    10  lcd.o(.text)
    LCD_ReadReg                              0x080015f9   Thumb Code    22  lcd.o(.text)
    LCD_WriteRAM_Prepare                     0x0800160f   Thumb Code    10  lcd.o(.text)
    LCD_WriteRAM                             0x08001619   Thumb Code     8  lcd.o(.text)
    LCD_BGR2RGB                              0x08001621   Thumb Code    26  lcd.o(.text)
    opt_delay                                0x0800163b   Thumb Code    14  lcd.o(.text)
    LCD_SetCursor                            0x08001649   Thumb Code   418  lcd.o(.text)
    LCD_ReadPoint                            0x080017eb   Thumb Code   360  lcd.o(.text)
    LCD_DisplayOn                            0x08001953   Thumb Code   102  lcd.o(.text)
    LCD_DisplayOff                           0x080019b9   Thumb Code    90  lcd.o(.text)
    LCD_Scan_Dir                             0x08001a13   Thumb Code   744  lcd.o(.text)
    LCD_DrawPoint                            0x08001cfb   Thumb Code    28  lcd.o(.text)
    LCD_Fast_DrawPoint                       0x08001d17   Thumb Code   384  lcd.o(.text)
    LCD_SSD_BackLightSet                     0x08001e97   Thumb Code    80  lcd.o(.text)
    LCD_Display_Dir                          0x08001ee7   Thumb Code   444  lcd.o(.text)
    LCD_Set_Window                           0x080020a3   Thumb Code   540  lcd.o(.text)
    LCD_Clear                                0x080022bf   Thumb Code   100  lcd.o(.text)
    LCD_Init                                 0x08002323   Thumb Code 14158  lcd.o(.text)
    LCD_Fill                                 0x08005a71   Thumb Code   178  lcd.o(.text)
    LCD_Color_Fill                           0x08005b23   Thumb Code   104  lcd.o(.text)
    LCD_DrawLine                             0x08005b8b   Thumb Code   176  lcd.o(.text)
    LCD_DrawRectangle                        0x08005c3b   Thumb Code    60  lcd.o(.text)
    LCD_Draw_Circle                          0x08005c77   Thumb Code   152  lcd.o(.text)
    LCD_ShowChar                             0x08005d0f   Thumb Code   272  lcd.o(.text)
    LCD_Pow                                  0x08005e1f   Thumb Code    22  lcd.o(.text)
    LCD_ShowNum                              0x08005e35   Thumb Code   148  lcd.o(.text)
    LCD_ShowxNum                             0x08005ec9   Thumb Code   220  lcd.o(.text)
    LCD_ShowString                           0x08005fa5   Thumb Code   102  lcd.o(.text)
    GPIO_AD9954_Init                         0x0800600d   Thumb Code   106  ad9954.o(.text)
    AD9954_RESET                             0x08006077   Thumb Code    90  ad9954.o(.text)
    AD9954_SENDBYTE                          0x080060d1   Thumb Code    56  ad9954.o(.text)
    AD9954_ReadByte                          0x08006109   Thumb Code    42  ad9954.o(.text)
    UPDATE                                   0x08006133   Thumb Code    34  ad9954.o(.text)
    Read_Vau1                                0x08006155   Thumb Code    58  ad9954.o(.text)
    Read_Vau2                                0x0800618f   Thumb Code    48  ad9954.o(.text)
    AD9954_Init                              0x080061bf   Thumb Code    88  ad9954.o(.text)
    Get_FTW                                  0x08006217   Thumb Code    30  ad9954.o(.text)
    AD9954_SETFRE                            0x08006235   Thumb Code    72  ad9954.o(.text)
    DirectSwitchPSK                          0x0800627d   Thumb Code   642  ad9954.o(.text)
    Generate_PSK                             0x080064ff   Thumb Code   300  ad9954.o(.text)
    Generate_FM                              0x0800662b   Thumb Code   250  ad9954.o(.text)
    ASK_Init                                 0x08006725   Thumb Code    70  ad9954.o(.text)
    AM_Init                                  0x0800676b   Thumb Code    52  ad9954.o(.text)
    Write_ASF                                0x0800679f   Thumb Code    44  ad9954.o(.text)
    Linear_Sweep                             0x080067cb   Thumb Code   354  ad9954.o(.text)
    PS0_WriteBit                             0x0800692d   Thumb Code     6  ad9954.o(.text)
    DirectSwitchFSK                          0x08006933   Thumb Code   522  ad9954.o(.text)
    LINEARSWEEP                              0x08006b3d   Thumb Code   298  ad9954.o(.text)
    delay_init                               0x08006c79   Thumb Code    50  delay.o(.text)
    delay_us                                 0x08006cab   Thumb Code    72  delay.o(.text)
    delay_ms                                 0x08006cf3   Thumb Code    72  delay.o(.text)
    delay_s                                  0x08006d3b   Thumb Code   106  delay.o(.text)
    _sys_exit                                0x08006db5   Thumb Code     4  usart.o(.text)
    fputc                                    0x08006db9   Thumb Code    24  usart.o(.text)
    uart_init                                0x08006dd1   Thumb Code   152  usart.o(.text)
    USART1_IRQHandler                        0x08006e69   Thumb Code   122  usart.o(.text)
    uart4_init                               0x08006ef5   Thumb Code   158  uart4.o(.text)
    UART4_IRQHandler                         0x08006f93   Thumb Code   122  uart4.o(.text)
    u4_printf                                0x0800700d   Thumb Code    72  uart4.o(.text)
    Reset_Handler                            0x08007069   Thumb Code     8  startup_stm32f10x_hd.o(.text)
    ADC1_2_IRQHandler                        0x08007083   Thumb Code     0  startup_stm32f10x_hd.o(.text)
    ADC3_IRQHandler                          0x08007083   Thumb Code     0  startup_stm32f10x_hd.o(.text)
    CAN1_RX1_IRQHandler                      0x08007083   Thumb Code     0  startup_stm32f10x_hd.o(.text)
    CAN1_SCE_IRQHandler                      0x08007083   Thumb Code     0  startup_stm32f10x_hd.o(.text)
    DMA1_Channel1_IRQHandler                 0x08007083   Thumb Code     0  startup_stm32f10x_hd.o(.text)
    DMA1_Channel2_IRQHandler                 0x08007083   Thumb Code     0  startup_stm32f10x_hd.o(.text)
    DMA1_Channel3_IRQHandler                 0x08007083   Thumb Code     0  startup_stm32f10x_hd.o(.text)
    DMA1_Channel4_IRQHandler                 0x08007083   Thumb Code     0  startup_stm32f10x_hd.o(.text)
    DMA1_Channel5_IRQHandler                 0x08007083   Thumb Code     0  startup_stm32f10x_hd.o(.text)
    DMA1_Channel6_IRQHandler                 0x08007083   Thumb Code     0  startup_stm32f10x_hd.o(.text)
    DMA1_Channel7_IRQHandler                 0x08007083   Thumb Code     0  startup_stm32f10x_hd.o(.text)
    DMA2_Channel1_IRQHandler                 0x08007083   Thumb Code     0  startup_stm32f10x_hd.o(.text)
    DMA2_Channel2_IRQHandler                 0x08007083   Thumb Code     0  startup_stm32f10x_hd.o(.text)
    DMA2_Channel3_IRQHandler                 0x08007083   Thumb Code     0  startup_stm32f10x_hd.o(.text)
    DMA2_Channel4_5_IRQHandler               0x08007083   Thumb Code     0  startup_stm32f10x_hd.o(.text)
    EXTI0_IRQHandler                         0x08007083   Thumb Code     0  startup_stm32f10x_hd.o(.text)
    EXTI15_10_IRQHandler                     0x08007083   Thumb Code     0  startup_stm32f10x_hd.o(.text)
    EXTI1_IRQHandler                         0x08007083   Thumb Code     0  startup_stm32f10x_hd.o(.text)
    EXTI2_IRQHandler                         0x08007083   Thumb Code     0  startup_stm32f10x_hd.o(.text)
    EXTI3_IRQHandler                         0x08007083   Thumb Code     0  startup_stm32f10x_hd.o(.text)
    EXTI4_IRQHandler                         0x08007083   Thumb Code     0  startup_stm32f10x_hd.o(.text)
    FLASH_IRQHandler                         0x08007083   Thumb Code     0  startup_stm32f10x_hd.o(.text)
    FSMC_IRQHandler                          0x08007083   Thumb Code     0  startup_stm32f10x_hd.o(.text)
    I2C1_ER_IRQHandler                       0x08007083   Thumb Code     0  startup_stm32f10x_hd.o(.text)
    I2C1_EV_IRQHandler                       0x08007083   Thumb Code     0  startup_stm32f10x_hd.o(.text)
    I2C2_ER_IRQHandler                       0x08007083   Thumb Code     0  startup_stm32f10x_hd.o(.text)
    I2C2_EV_IRQHandler                       0x08007083   Thumb Code     0  startup_stm32f10x_hd.o(.text)
    PVD_IRQHandler                           0x08007083   Thumb Code     0  startup_stm32f10x_hd.o(.text)
    RCC_IRQHandler                           0x08007083   Thumb Code     0  startup_stm32f10x_hd.o(.text)
    RTCAlarm_IRQHandler                      0x08007083   Thumb Code     0  startup_stm32f10x_hd.o(.text)
    RTC_IRQHandler                           0x08007083   Thumb Code     0  startup_stm32f10x_hd.o(.text)
    SDIO_IRQHandler                          0x08007083   Thumb Code     0  startup_stm32f10x_hd.o(.text)
    SPI1_IRQHandler                          0x08007083   Thumb Code     0  startup_stm32f10x_hd.o(.text)
    SPI2_IRQHandler                          0x08007083   Thumb Code     0  startup_stm32f10x_hd.o(.text)
    SPI3_IRQHandler                          0x08007083   Thumb Code     0  startup_stm32f10x_hd.o(.text)
    TAMPER_IRQHandler                        0x08007083   Thumb Code     0  startup_stm32f10x_hd.o(.text)
    TIM1_BRK_IRQHandler                      0x08007083   Thumb Code     0  startup_stm32f10x_hd.o(.text)
    TIM1_CC_IRQHandler                       0x08007083   Thumb Code     0  startup_stm32f10x_hd.o(.text)
    TIM1_TRG_COM_IRQHandler                  0x08007083   Thumb Code     0  startup_stm32f10x_hd.o(.text)
    TIM1_UP_IRQHandler                       0x08007083   Thumb Code     0  startup_stm32f10x_hd.o(.text)
    TIM2_IRQHandler                          0x08007083   Thumb Code     0  startup_stm32f10x_hd.o(.text)
    TIM4_IRQHandler                          0x08007083   Thumb Code     0  startup_stm32f10x_hd.o(.text)
    TIM5_IRQHandler                          0x08007083   Thumb Code     0  startup_stm32f10x_hd.o(.text)
    TIM6_IRQHandler                          0x08007083   Thumb Code     0  startup_stm32f10x_hd.o(.text)
    TIM7_IRQHandler                          0x08007083   Thumb Code     0  startup_stm32f10x_hd.o(.text)
    TIM8_BRK_IRQHandler                      0x08007083   Thumb Code     0  startup_stm32f10x_hd.o(.text)
    TIM8_CC_IRQHandler                       0x08007083   Thumb Code     0  startup_stm32f10x_hd.o(.text)
    TIM8_TRG_COM_IRQHandler                  0x08007083   Thumb Code     0  startup_stm32f10x_hd.o(.text)
    TIM8_UP_IRQHandler                       0x08007083   Thumb Code     0  startup_stm32f10x_hd.o(.text)
    UART5_IRQHandler                         0x08007083   Thumb Code     0  startup_stm32f10x_hd.o(.text)
    USART2_IRQHandler                        0x08007083   Thumb Code     0  startup_stm32f10x_hd.o(.text)
    USART3_IRQHandler                        0x08007083   Thumb Code     0  startup_stm32f10x_hd.o(.text)
    USBWakeUp_IRQHandler                     0x08007083   Thumb Code     0  startup_stm32f10x_hd.o(.text)
    USB_HP_CAN1_TX_IRQHandler                0x08007083   Thumb Code     0  startup_stm32f10x_hd.o(.text)
    USB_LP_CAN1_RX0_IRQHandler               0x08007083   Thumb Code     0  startup_stm32f10x_hd.o(.text)
    WWDG_IRQHandler                          0x08007083   Thumb Code     0  startup_stm32f10x_hd.o(.text)
    NVIC_PriorityGroupConfig                 0x0800708d   Thumb Code    10  misc.o(.text)
    NVIC_Init                                0x08007097   Thumb Code   100  misc.o(.text)
    NVIC_SetVectorTable                      0x080070fb   Thumb Code    14  misc.o(.text)
    NVIC_SystemLPConfig                      0x08007109   Thumb Code    34  misc.o(.text)
    SysTick_CLKSourceConfig                  0x0800712b   Thumb Code    40  misc.o(.text)
    GPIO_DeInit                              0x08007169   Thumb Code   172  stm32f10x_gpio.o(.text)
    GPIO_AFIODeInit                          0x08007215   Thumb Code    20  stm32f10x_gpio.o(.text)
    GPIO_Init                                0x08007229   Thumb Code   278  stm32f10x_gpio.o(.text)
    GPIO_StructInit                          0x0800733f   Thumb Code    16  stm32f10x_gpio.o(.text)
    GPIO_ReadInputDataBit                    0x0800734f   Thumb Code    18  stm32f10x_gpio.o(.text)
    GPIO_ReadInputData                       0x08007361   Thumb Code     8  stm32f10x_gpio.o(.text)
    GPIO_ReadOutputDataBit                   0x08007369   Thumb Code    18  stm32f10x_gpio.o(.text)
    GPIO_ReadOutputData                      0x0800737b   Thumb Code     8  stm32f10x_gpio.o(.text)
    GPIO_SetBits                             0x08007383   Thumb Code     4  stm32f10x_gpio.o(.text)
    GPIO_ResetBits                           0x08007387   Thumb Code     4  stm32f10x_gpio.o(.text)
    GPIO_WriteBit                            0x0800738b   Thumb Code    10  stm32f10x_gpio.o(.text)
    GPIO_Write                               0x08007395   Thumb Code     4  stm32f10x_gpio.o(.text)
    GPIO_PinLockConfig                       0x08007399   Thumb Code    18  stm32f10x_gpio.o(.text)
    GPIO_EventOutputConfig                   0x080073ab   Thumb Code    26  stm32f10x_gpio.o(.text)
    GPIO_EventOutputCmd                      0x080073c5   Thumb Code     6  stm32f10x_gpio.o(.text)
    GPIO_PinRemapConfig                      0x080073cb   Thumb Code   138  stm32f10x_gpio.o(.text)
    GPIO_EXTILineConfig                      0x08007455   Thumb Code    66  stm32f10x_gpio.o(.text)
    GPIO_ETH_MediaInterfaceConfig            0x08007497   Thumb Code     8  stm32f10x_gpio.o(.text)
    RCC_DeInit                               0x080074c5   Thumb Code    64  stm32f10x_rcc.o(.text)
    RCC_HSEConfig                            0x08007505   Thumb Code    70  stm32f10x_rcc.o(.text)
    RCC_GetFlagStatus                        0x0800754b   Thumb Code    56  stm32f10x_rcc.o(.text)
    RCC_WaitForHSEStartUp                    0x08007583   Thumb Code    56  stm32f10x_rcc.o(.text)
    RCC_AdjustHSICalibrationValue            0x080075bb   Thumb Code    20  stm32f10x_rcc.o(.text)
    RCC_HSICmd                               0x080075cf   Thumb Code     6  stm32f10x_rcc.o(.text)
    RCC_PLLConfig                            0x080075d5   Thumb Code    24  stm32f10x_rcc.o(.text)
    RCC_PLLCmd                               0x080075ed   Thumb Code     6  stm32f10x_rcc.o(.text)
    RCC_SYSCLKConfig                         0x080075f3   Thumb Code    18  stm32f10x_rcc.o(.text)
    RCC_GetSYSCLKSource                      0x08007605   Thumb Code    10  stm32f10x_rcc.o(.text)
    RCC_HCLKConfig                           0x0800760f   Thumb Code    18  stm32f10x_rcc.o(.text)
    RCC_PCLK1Config                          0x08007621   Thumb Code    18  stm32f10x_rcc.o(.text)
    RCC_PCLK2Config                          0x08007633   Thumb Code    20  stm32f10x_rcc.o(.text)
    RCC_ITConfig                             0x08007647   Thumb Code    26  stm32f10x_rcc.o(.text)
    RCC_USBCLKConfig                         0x08007661   Thumb Code     8  stm32f10x_rcc.o(.text)
    RCC_ADCCLKConfig                         0x08007669   Thumb Code    18  stm32f10x_rcc.o(.text)
    RCC_LSEConfig                            0x0800767b   Thumb Code    50  stm32f10x_rcc.o(.text)
    RCC_LSICmd                               0x080076ad   Thumb Code     6  stm32f10x_rcc.o(.text)
    RCC_RTCCLKConfig                         0x080076b3   Thumb Code    12  stm32f10x_rcc.o(.text)
    RCC_RTCCLKCmd                            0x080076bf   Thumb Code     8  stm32f10x_rcc.o(.text)
    RCC_GetClocksFreq                        0x080076c7   Thumb Code   192  stm32f10x_rcc.o(.text)
    RCC_AHBPeriphClockCmd                    0x08007787   Thumb Code    26  stm32f10x_rcc.o(.text)
    RCC_APB2PeriphClockCmd                   0x080077a1   Thumb Code    26  stm32f10x_rcc.o(.text)
    RCC_APB1PeriphClockCmd                   0x080077bb   Thumb Code    26  stm32f10x_rcc.o(.text)
    RCC_APB2PeriphResetCmd                   0x080077d5   Thumb Code    26  stm32f10x_rcc.o(.text)
    RCC_APB1PeriphResetCmd                   0x080077ef   Thumb Code    26  stm32f10x_rcc.o(.text)
    RCC_BackupResetCmd                       0x08007809   Thumb Code     8  stm32f10x_rcc.o(.text)
    RCC_ClockSecuritySystemCmd               0x08007811   Thumb Code     6  stm32f10x_rcc.o(.text)
    RCC_MCOConfig                            0x08007817   Thumb Code     6  stm32f10x_rcc.o(.text)
    RCC_ClearFlag                            0x0800781d   Thumb Code    14  stm32f10x_rcc.o(.text)
    RCC_GetITStatus                          0x0800782b   Thumb Code    20  stm32f10x_rcc.o(.text)
    RCC_ClearITPendingBit                    0x0800783f   Thumb Code     6  stm32f10x_rcc.o(.text)
    TIM_DeInit                               0x08007869   Thumb Code   424  stm32f10x_tim.o(.text)
    TIM_TimeBaseInit                         0x08007a11   Thumb Code   122  stm32f10x_tim.o(.text)
    TIM_OC1Init                              0x08007a8b   Thumb Code   132  stm32f10x_tim.o(.text)
    TIM_OC2Init                              0x08007b0f   Thumb Code   154  stm32f10x_tim.o(.text)
    TIM_OC3Init                              0x08007ba9   Thumb Code   150  stm32f10x_tim.o(.text)
    TIM_OC4Init                              0x08007c3f   Thumb Code   182  stm32f10x_tim.o(.text)
    TIM_SetIC4Prescaler                      0x08007cf5   Thumb Code    26  stm32f10x_tim.o(.text)
    TIM_SetIC3Prescaler                      0x08007d91   Thumb Code    18  stm32f10x_tim.o(.text)
    TIM_SetIC2Prescaler                      0x08007e1d   Thumb Code    26  stm32f10x_tim.o(.text)
    TIM_SetIC1Prescaler                      0x08007eb9   Thumb Code    18  stm32f10x_tim.o(.text)
    TIM_ICInit                               0x08007f37   Thumb Code   150  stm32f10x_tim.o(.text)
    TIM_PWMIConfig                           0x08007fcd   Thumb Code   124  stm32f10x_tim.o(.text)
    TIM_BDTRConfig                           0x08008049   Thumb Code    32  stm32f10x_tim.o(.text)
    TIM_TimeBaseStructInit                   0x08008069   Thumb Code    18  stm32f10x_tim.o(.text)
    TIM_OCStructInit                         0x0800807b   Thumb Code    20  stm32f10x_tim.o(.text)
    TIM_ICStructInit                         0x0800808f   Thumb Code    18  stm32f10x_tim.o(.text)
    TIM_BDTRStructInit                       0x080080a1   Thumb Code    40  stm32f10x_tim.o(.text)
    TIM_Cmd                                  0x080080c9   Thumb Code    24  stm32f10x_tim.o(.text)
    TIM_CtrlPWMOutputs                       0x080080e1   Thumb Code    30  stm32f10x_tim.o(.text)
    TIM_ITConfig                             0x080080ff   Thumb Code    18  stm32f10x_tim.o(.text)
    TIM_GenerateEvent                        0x08008111   Thumb Code     4  stm32f10x_tim.o(.text)
    TIM_DMAConfig                            0x08008115   Thumb Code    10  stm32f10x_tim.o(.text)
    TIM_DMACmd                               0x0800811f   Thumb Code    18  stm32f10x_tim.o(.text)
    TIM_InternalClockConfig                  0x08008131   Thumb Code    12  stm32f10x_tim.o(.text)
    TIM_SelectInputTrigger                   0x0800813d   Thumb Code    18  stm32f10x_tim.o(.text)
    TIM_ITRxExternalClockConfig              0x0800814f   Thumb Code    24  stm32f10x_tim.o(.text)
    TIM_TIxExternalClockConfig               0x08008167   Thumb Code    62  stm32f10x_tim.o(.text)
    TIM_ETRConfig                            0x080081a5   Thumb Code    28  stm32f10x_tim.o(.text)
    TIM_ETRClockMode1Config                  0x080081c1   Thumb Code    54  stm32f10x_tim.o(.text)
    TIM_ETRClockMode2Config                  0x080081f7   Thumb Code    32  stm32f10x_tim.o(.text)
    TIM_PrescalerConfig                      0x08008217   Thumb Code     6  stm32f10x_tim.o(.text)
    TIM_CounterModeConfig                    0x0800821d   Thumb Code    18  stm32f10x_tim.o(.text)
    TIM_EncoderInterfaceConfig               0x0800822f   Thumb Code    66  stm32f10x_tim.o(.text)
    TIM_ForcedOC1Config                      0x08008271   Thumb Code    18  stm32f10x_tim.o(.text)
    TIM_ForcedOC2Config                      0x08008283   Thumb Code    26  stm32f10x_tim.o(.text)
    TIM_ForcedOC3Config                      0x0800829d   Thumb Code    18  stm32f10x_tim.o(.text)
    TIM_ForcedOC4Config                      0x080082af   Thumb Code    26  stm32f10x_tim.o(.text)
    TIM_ARRPreloadConfig                     0x080082c9   Thumb Code    24  stm32f10x_tim.o(.text)
    TIM_SelectCOM                            0x080082e1   Thumb Code    24  stm32f10x_tim.o(.text)
    TIM_SelectCCDMA                          0x080082f9   Thumb Code    24  stm32f10x_tim.o(.text)
    TIM_CCPreloadControl                     0x08008311   Thumb Code    24  stm32f10x_tim.o(.text)
    TIM_OC1PreloadConfig                     0x08008329   Thumb Code    18  stm32f10x_tim.o(.text)
    TIM_OC2PreloadConfig                     0x0800833b   Thumb Code    26  stm32f10x_tim.o(.text)
    TIM_OC3PreloadConfig                     0x08008355   Thumb Code    18  stm32f10x_tim.o(.text)
    TIM_OC4PreloadConfig                     0x08008367   Thumb Code    26  stm32f10x_tim.o(.text)
    TIM_OC1FastConfig                        0x08008381   Thumb Code    18  stm32f10x_tim.o(.text)
    TIM_OC2FastConfig                        0x08008393   Thumb Code    26  stm32f10x_tim.o(.text)
    TIM_OC3FastConfig                        0x080083ad   Thumb Code    18  stm32f10x_tim.o(.text)
    TIM_OC4FastConfig                        0x080083bf   Thumb Code    26  stm32f10x_tim.o(.text)
    TIM_ClearOC1Ref                          0x080083d9   Thumb Code    18  stm32f10x_tim.o(.text)
    TIM_ClearOC2Ref                          0x080083eb   Thumb Code    24  stm32f10x_tim.o(.text)
    TIM_ClearOC3Ref                          0x08008403   Thumb Code    18  stm32f10x_tim.o(.text)
    TIM_ClearOC4Ref                          0x08008415   Thumb Code    24  stm32f10x_tim.o(.text)
    TIM_OC1PolarityConfig                    0x0800842d   Thumb Code    18  stm32f10x_tim.o(.text)
    TIM_OC1NPolarityConfig                   0x0800843f   Thumb Code    18  stm32f10x_tim.o(.text)
    TIM_OC2PolarityConfig                    0x08008451   Thumb Code    26  stm32f10x_tim.o(.text)
    TIM_OC2NPolarityConfig                   0x0800846b   Thumb Code    26  stm32f10x_tim.o(.text)
    TIM_OC3PolarityConfig                    0x08008485   Thumb Code    26  stm32f10x_tim.o(.text)
    TIM_OC3NPolarityConfig                   0x0800849f   Thumb Code    26  stm32f10x_tim.o(.text)
    TIM_OC4PolarityConfig                    0x080084b9   Thumb Code    26  stm32f10x_tim.o(.text)
    TIM_CCxCmd                               0x080084d3   Thumb Code    30  stm32f10x_tim.o(.text)
    TIM_CCxNCmd                              0x080084f1   Thumb Code    30  stm32f10x_tim.o(.text)
    TIM_SelectOCxM                           0x0800850f   Thumb Code    82  stm32f10x_tim.o(.text)
    TIM_UpdateDisableConfig                  0x08008561   Thumb Code    24  stm32f10x_tim.o(.text)
    TIM_UpdateRequestConfig                  0x08008579   Thumb Code    24  stm32f10x_tim.o(.text)
    TIM_SelectHallSensor                     0x08008591   Thumb Code    24  stm32f10x_tim.o(.text)
    TIM_SelectOnePulseMode                   0x080085a9   Thumb Code    18  stm32f10x_tim.o(.text)
    TIM_SelectOutputTrigger                  0x080085bb   Thumb Code    18  stm32f10x_tim.o(.text)
    TIM_SelectSlaveMode                      0x080085cd   Thumb Code    18  stm32f10x_tim.o(.text)
    TIM_SelectMasterSlaveMode                0x080085df   Thumb Code    18  stm32f10x_tim.o(.text)
    TIM_SetCounter                           0x080085f1   Thumb Code     4  stm32f10x_tim.o(.text)
    TIM_SetAutoreload                        0x080085f5   Thumb Code     4  stm32f10x_tim.o(.text)
    TIM_SetCompare1                          0x080085f9   Thumb Code     4  stm32f10x_tim.o(.text)
    TIM_SetCompare2                          0x080085fd   Thumb Code     4  stm32f10x_tim.o(.text)
    TIM_SetCompare3                          0x08008601   Thumb Code     4  stm32f10x_tim.o(.text)
    TIM_SetCompare4                          0x08008605   Thumb Code     6  stm32f10x_tim.o(.text)
    TIM_SetClockDivision                     0x0800860b   Thumb Code    18  stm32f10x_tim.o(.text)
    TIM_GetCapture1                          0x0800861d   Thumb Code     6  stm32f10x_tim.o(.text)
    TIM_GetCapture2                          0x08008623   Thumb Code     6  stm32f10x_tim.o(.text)
    TIM_GetCapture3                          0x08008629   Thumb Code     6  stm32f10x_tim.o(.text)
    TIM_GetCapture4                          0x0800862f   Thumb Code     8  stm32f10x_tim.o(.text)
    TIM_GetCounter                           0x08008637   Thumb Code     6  stm32f10x_tim.o(.text)
    TIM_GetPrescaler                         0x0800863d   Thumb Code     6  stm32f10x_tim.o(.text)
    TIM_GetFlagStatus                        0x08008643   Thumb Code    18  stm32f10x_tim.o(.text)
    TIM_ClearFlag                            0x08008655   Thumb Code     6  stm32f10x_tim.o(.text)
    TIM_GetITStatus                          0x0800865b   Thumb Code    34  stm32f10x_tim.o(.text)
    TIM_ClearITPendingBit                    0x0800867d   Thumb Code     6  stm32f10x_tim.o(.text)
    USART_DeInit                             0x08008685   Thumb Code   134  stm32f10x_usart.o(.text)
    USART_Init                               0x0800870b   Thumb Code   210  stm32f10x_usart.o(.text)
    USART_StructInit                         0x080087dd   Thumb Code    24  stm32f10x_usart.o(.text)
    USART_ClockInit                          0x080087f5   Thumb Code    34  stm32f10x_usart.o(.text)
    USART_ClockStructInit                    0x08008817   Thumb Code    12  stm32f10x_usart.o(.text)
    USART_Cmd                                0x08008823   Thumb Code    24  stm32f10x_usart.o(.text)
    USART_ITConfig                           0x0800883b   Thumb Code    74  stm32f10x_usart.o(.text)
    USART_DMACmd                             0x08008885   Thumb Code    18  stm32f10x_usart.o(.text)
    USART_SetAddress                         0x08008897   Thumb Code    18  stm32f10x_usart.o(.text)
    USART_WakeUpConfig                       0x080088a9   Thumb Code    18  stm32f10x_usart.o(.text)
    USART_ReceiverWakeUpCmd                  0x080088bb   Thumb Code    24  stm32f10x_usart.o(.text)
    USART_LINBreakDetectLengthConfig         0x080088d3   Thumb Code    18  stm32f10x_usart.o(.text)
    USART_LINCmd                             0x080088e5   Thumb Code    24  stm32f10x_usart.o(.text)
    USART_SendData                           0x080088fd   Thumb Code     8  stm32f10x_usart.o(.text)
    USART_ReceiveData                        0x08008905   Thumb Code    10  stm32f10x_usart.o(.text)
    USART_SendBreak                          0x0800890f   Thumb Code    10  stm32f10x_usart.o(.text)
    USART_SetGuardTime                       0x08008919   Thumb Code    16  stm32f10x_usart.o(.text)
    USART_SetPrescaler                       0x08008929   Thumb Code    16  stm32f10x_usart.o(.text)
    USART_SmartCardCmd                       0x08008939   Thumb Code    24  stm32f10x_usart.o(.text)
    USART_SmartCardNACKCmd                   0x08008951   Thumb Code    24  stm32f10x_usart.o(.text)
    USART_HalfDuplexCmd                      0x08008969   Thumb Code    24  stm32f10x_usart.o(.text)
    USART_OverSampling8Cmd                   0x08008981   Thumb Code    22  stm32f10x_usart.o(.text)
    USART_OneBitMethodCmd                    0x08008997   Thumb Code    24  stm32f10x_usart.o(.text)
    USART_IrDAConfig                         0x080089af   Thumb Code    18  stm32f10x_usart.o(.text)
    USART_IrDACmd                            0x080089c1   Thumb Code    24  stm32f10x_usart.o(.text)
    USART_GetFlagStatus                      0x080089d9   Thumb Code    26  stm32f10x_usart.o(.text)
    USART_ClearFlag                          0x080089f3   Thumb Code    18  stm32f10x_usart.o(.text)
    USART_GetITStatus                        0x08008a05   Thumb Code    84  stm32f10x_usart.o(.text)
    USART_ClearITPendingBit                  0x08008a59   Thumb Code    52  stm32f10x_usart.o(.text)
    EXTI_DeInit                              0x08008a8d   Thumb Code    28  stm32f10x_exti.o(.text)
    EXTI_Init                                0x08008aa9   Thumb Code   142  stm32f10x_exti.o(.text)
    EXTI_StructInit                          0x08008b37   Thumb Code    16  stm32f10x_exti.o(.text)
    EXTI_GenerateSWInterrupt                 0x08008b47   Thumb Code    16  stm32f10x_exti.o(.text)
    EXTI_GetFlagStatus                       0x08008b57   Thumb Code    22  stm32f10x_exti.o(.text)
    EXTI_ClearFlag                           0x08008b6d   Thumb Code     8  stm32f10x_exti.o(.text)
    EXTI_GetITStatus                         0x08008b75   Thumb Code    34  stm32f10x_exti.o(.text)
    EXTI_ClearITPendingBit                   0x08008b97   Thumb Code     8  stm32f10x_exti.o(.text)
    SPI_I2S_DeInit                           0x08008ba9   Thumb Code    76  stm32f10x_spi.o(.text)
    SPI_Init                                 0x08008bf5   Thumb Code    60  stm32f10x_spi.o(.text)
    I2S_Init                                 0x08008c31   Thumb Code   226  stm32f10x_spi.o(.text)
    SPI_StructInit                           0x08008d13   Thumb Code    24  stm32f10x_spi.o(.text)
    I2S_StructInit                           0x08008d2b   Thumb Code    20  stm32f10x_spi.o(.text)
    SPI_Cmd                                  0x08008d3f   Thumb Code    24  stm32f10x_spi.o(.text)
    I2S_Cmd                                  0x08008d57   Thumb Code    24  stm32f10x_spi.o(.text)
    SPI_I2S_ITConfig                         0x08008d6f   Thumb Code    32  stm32f10x_spi.o(.text)
    SPI_I2S_DMACmd                           0x08008d8f   Thumb Code    18  stm32f10x_spi.o(.text)
    SPI_I2S_SendData                         0x08008da1   Thumb Code     4  stm32f10x_spi.o(.text)
    SPI_I2S_ReceiveData                      0x08008da5   Thumb Code     6  stm32f10x_spi.o(.text)
    SPI_NSSInternalSoftwareConfig            0x08008dab   Thumb Code    30  stm32f10x_spi.o(.text)
    SPI_SSOutputCmd                          0x08008dc9   Thumb Code    24  stm32f10x_spi.o(.text)
    SPI_DataSizeConfig                       0x08008de1   Thumb Code    18  stm32f10x_spi.o(.text)
    SPI_TransmitCRC                          0x08008df3   Thumb Code    10  stm32f10x_spi.o(.text)
    SPI_CalculateCRC                         0x08008dfd   Thumb Code    24  stm32f10x_spi.o(.text)
    SPI_GetCRC                               0x08008e15   Thumb Code    16  stm32f10x_spi.o(.text)
    SPI_GetCRCPolynomial                     0x08008e25   Thumb Code     6  stm32f10x_spi.o(.text)
    SPI_BiDirectionalLineConfig              0x08008e2b   Thumb Code    28  stm32f10x_spi.o(.text)
    SPI_I2S_GetFlagStatus                    0x08008e47   Thumb Code    18  stm32f10x_spi.o(.text)
    SPI_I2S_ClearFlag                        0x08008e59   Thumb Code     6  stm32f10x_spi.o(.text)
    SPI_I2S_GetITStatus                      0x08008e5f   Thumb Code    52  stm32f10x_spi.o(.text)
    SPI_I2S_ClearITPendingBit                0x08008e93   Thumb Code    20  stm32f10x_spi.o(.text)
    ADC_DeInit                               0x08008eb5   Thumb Code    78  stm32f10x_adc.o(.text)
    ADC_Init                                 0x08008f03   Thumb Code    70  stm32f10x_adc.o(.text)
    ADC_StructInit                           0x08008f49   Thumb Code    18  stm32f10x_adc.o(.text)
    ADC_Cmd                                  0x08008f5b   Thumb Code    22  stm32f10x_adc.o(.text)
    ADC_DMACmd                               0x08008f71   Thumb Code    22  stm32f10x_adc.o(.text)
    ADC_ITConfig                             0x08008f87   Thumb Code    24  stm32f10x_adc.o(.text)
    ADC_ResetCalibration                     0x08008f9f   Thumb Code    10  stm32f10x_adc.o(.text)
    ADC_GetResetCalibrationStatus            0x08008fa9   Thumb Code    20  stm32f10x_adc.o(.text)
    ADC_StartCalibration                     0x08008fbd   Thumb Code    10  stm32f10x_adc.o(.text)
    ADC_GetCalibrationStatus                 0x08008fc7   Thumb Code    20  stm32f10x_adc.o(.text)
    ADC_SoftwareStartConvCmd                 0x08008fdb   Thumb Code    22  stm32f10x_adc.o(.text)
    ADC_GetSoftwareStartConvStatus           0x08008ff1   Thumb Code    20  stm32f10x_adc.o(.text)
    ADC_DiscModeChannelCountConfig           0x08009005   Thumb Code    24  stm32f10x_adc.o(.text)
    ADC_DiscModeCmd                          0x0800901d   Thumb Code    22  stm32f10x_adc.o(.text)
    ADC_RegularChannelConfig                 0x08009033   Thumb Code   184  stm32f10x_adc.o(.text)
    ADC_ExternalTrigConvCmd                  0x080090eb   Thumb Code    22  stm32f10x_adc.o(.text)
    ADC_GetConversionValue                   0x08009101   Thumb Code     8  stm32f10x_adc.o(.text)
    ADC_GetDualModeConversionValue           0x08009109   Thumb Code     8  stm32f10x_adc.o(.text)
    ADC_AutoInjectedConvCmd                  0x08009111   Thumb Code    22  stm32f10x_adc.o(.text)
    ADC_InjectedDiscModeCmd                  0x08009127   Thumb Code    22  stm32f10x_adc.o(.text)
    ADC_ExternalTrigInjectedConvConfig       0x0800913d   Thumb Code    16  stm32f10x_adc.o(.text)
    ADC_ExternalTrigInjectedConvCmd          0x0800914d   Thumb Code    22  stm32f10x_adc.o(.text)
    ADC_SoftwareStartInjectedConvCmd         0x08009163   Thumb Code    22  stm32f10x_adc.o(.text)
    ADC_GetSoftwareStartInjectedConvCmdStatus 0x08009179   Thumb Code    20  stm32f10x_adc.o(.text)
    ADC_InjectedChannelConfig                0x0800918d   Thumb Code   130  stm32f10x_adc.o(.text)
    ADC_InjectedSequencerLengthConfig        0x0800920f   Thumb Code    24  stm32f10x_adc.o(.text)
    ADC_SetInjectedOffset                    0x08009227   Thumb Code    20  stm32f10x_adc.o(.text)
    ADC_GetInjectedConversionValue           0x0800923b   Thumb Code    28  stm32f10x_adc.o(.text)
    ADC_AnalogWatchdogCmd                    0x08009257   Thumb Code    16  stm32f10x_adc.o(.text)
    ADC_AnalogWatchdogThresholdsConfig       0x08009267   Thumb Code     6  stm32f10x_adc.o(.text)
    ADC_AnalogWatchdogSingleChannelConfig    0x0800926d   Thumb Code    16  stm32f10x_adc.o(.text)
    ADC_TempSensorVrefintCmd                 0x0800927d   Thumb Code    64  stm32f10x_adc.o(.text)
    ADC_GetFlagStatus                        0x080092bd   Thumb Code    18  stm32f10x_adc.o(.text)
    ADC_ClearFlag                            0x080092cf   Thumb Code     6  stm32f10x_adc.o(.text)
    ADC_GetITStatus                          0x080092d5   Thumb Code    36  stm32f10x_adc.o(.text)
    ADC_ClearITPendingBit                    0x080092f9   Thumb Code    10  stm32f10x_adc.o(.text)
    FSMC_NORSRAMDeInit                       0x08009305   Thumb Code    54  stm32f10x_fsmc.o(.text)
    FSMC_NANDDeInit                          0x0800933b   Thumb Code    62  stm32f10x_fsmc.o(.text)
    FSMC_PCCARDDeInit                        0x08009379   Thumb Code    36  stm32f10x_fsmc.o(.text)
    FSMC_NORSRAMInit                         0x0800939d   Thumb Code   230  stm32f10x_fsmc.o(.text)
    FSMC_NANDInit                            0x08009483   Thumb Code   132  stm32f10x_fsmc.o(.text)
    FSMC_PCCARDInit                          0x08009507   Thumb Code   130  stm32f10x_fsmc.o(.text)
    FSMC_NORSRAMStructInit                   0x08009589   Thumb Code   114  stm32f10x_fsmc.o(.text)
    FSMC_NANDStructInit                      0x080095fb   Thumb Code    54  stm32f10x_fsmc.o(.text)
    FSMC_PCCARDStructInit                    0x08009631   Thumb Code    60  stm32f10x_fsmc.o(.text)
    FSMC_NORSRAMCmd                          0x0800966d   Thumb Code    46  stm32f10x_fsmc.o(.text)
    FSMC_NANDCmd                             0x0800969b   Thumb Code    86  stm32f10x_fsmc.o(.text)
    FSMC_PCCARDCmd                           0x080096f1   Thumb Code    44  stm32f10x_fsmc.o(.text)
    FSMC_NANDECCCmd                          0x0800971d   Thumb Code    90  stm32f10x_fsmc.o(.text)
    FSMC_GetECC                              0x08009777   Thumb Code    24  stm32f10x_fsmc.o(.text)
    FSMC_ITConfig                            0x0800978f   Thumb Code   128  stm32f10x_fsmc.o(.text)
    FSMC_GetFlagStatus                       0x0800980f   Thumb Code    54  stm32f10x_fsmc.o(.text)
    FSMC_ClearFlag                           0x08009845   Thumb Code    62  stm32f10x_fsmc.o(.text)
    FSMC_GetITStatus                         0x08009883   Thumb Code    64  stm32f10x_fsmc.o(.text)
    FSMC_ClearITPendingBit                   0x080098c3   Thumb Code    68  stm32f10x_fsmc.o(.text)
    strlen                                   0x08009911   Thumb Code    14  strlen.o(.text)
    __aeabi_fadd                             0x0800991f   Thumb Code   164  fadd.o(.text)
    __aeabi_fsub                             0x080099c3   Thumb Code     6  fadd.o(.text)
    __aeabi_frsub                            0x080099c9   Thumb Code     6  fadd.o(.text)
    __aeabi_fdiv                             0x080099cf   Thumb Code   124  fdiv.o(.text)
    __aeabi_dadd                             0x08009a4b   Thumb Code   322  dadd.o(.text)
    __aeabi_dsub                             0x08009b8d   Thumb Code     6  dadd.o(.text)
    __aeabi_drsub                            0x08009b93   Thumb Code     6  dadd.o(.text)
    __aeabi_dmul                             0x08009b99   Thumb Code   228  dmul.o(.text)
    __aeabi_ddiv                             0x08009c7d   Thumb Code   222  ddiv.o(.text)
    __aeabi_ui2f                             0x08009d5b   Thumb Code    10  ffltui.o(.text)
    __aeabi_ui2d                             0x08009d65   Thumb Code    26  dfltui.o(.text)
    __aeabi_f2uiz                            0x08009d7f   Thumb Code    40  ffixui.o(.text)
    __aeabi_d2uiz                            0x08009da7   Thumb Code    50  dfixui.o(.text)
    __aeabi_f2d                              0x08009dd9   Thumb Code    38  f2d.o(.text)
    __aeabi_d2f                              0x08009dff   Thumb Code    56  d2f.o(.text)
    __aeabi_uidiv                            0x08009e37   Thumb Code     0  uidiv.o(.text)
    __aeabi_uidivmod                         0x08009e37   Thumb Code    44  uidiv.o(.text)
    __aeabi_uldivmod                         0x08009e63   Thumb Code    98  uldiv.o(.text)
    __aeabi_llsl                             0x08009ec5   Thumb Code    30  llshl.o(.text)
    _ll_shift_l                              0x08009ec5   Thumb Code     0  llshl.o(.text)
    __aeabi_llsr                             0x08009ee3   Thumb Code    32  llushr.o(.text)
    _ll_ushift_r                             0x08009ee3   Thumb Code     0  llushr.o(.text)
    __aeabi_lasr                             0x08009f03   Thumb Code    36  llsshr.o(.text)
    _ll_sshift_r                             0x08009f03   Thumb Code     0  llsshr.o(.text)
    __I$use$fp                               0x08009f27   Thumb Code     0  iusefp.o(.text)
    _float_round                             0x08009f27   Thumb Code    18  fepilogue.o(.text)
    _float_epilogue                          0x08009f39   Thumb Code    92  fepilogue.o(.text)
    _double_round                            0x08009f95   Thumb Code    30  depilogue.o(.text)
    _double_epilogue                         0x08009fb3   Thumb Code   156  depilogue.o(.text)
    __aeabi_d2ulz                            0x0800a04f   Thumb Code    48  dfixul.o(.text)
    __aeabi_cdrcmple                         0x0800a081   Thumb Code    48  cdrcmple.o(.text)
    __scatterload                            0x0800a0b1   Thumb Code    28  init.o(.text)
    __scatterload_rt2                        0x0800a0b1   Thumb Code     0  init.o(.text)
    __0vsprintf                              0x0800a0d5   Thumb Code    30  printfa.o(i.__0vsprintf)
    __1vsprintf                              0x0800a0d5   Thumb Code     0  printfa.o(i.__0vsprintf)
    __2vsprintf                              0x0800a0d5   Thumb Code     0  printfa.o(i.__0vsprintf)
    __c89vsprintf                            0x0800a0d5   Thumb Code     0  printfa.o(i.__0vsprintf)
    vsprintf                                 0x0800a0d5   Thumb Code     0  printfa.o(i.__0vsprintf)
    __scatterload_copy                       0x0800a0f9   Thumb Code    14  handlers.o(i.__scatterload_copy)
    __scatterload_null                       0x0800a107   Thumb Code     2  handlers.o(i.__scatterload_null)
    __scatterload_zeroinit                   0x0800a109   Thumb Code    14  handlers.o(i.__scatterload_zeroinit)
    asc2_1206                                0x0800a9b4   Data        1140  lcd.o(.constdata)
    asc2_1608                                0x0800ae28   Data        1520  lcd.o(.constdata)
    asc2_2412                                0x0800b418   Data        3420  lcd.o(.constdata)
    Region$$Table$$Base                      0x0800c174   Number         0  anon$$obj.o(Region$$Table)
    Region$$Table$$Limit                     0x0800c194   Number         0  anon$$obj.o(Region$$Table)
    SystemCoreClock                          0x20000000   Data           4  system_stm32f10x.o(.data)
    AHBPrescTable                            0x20000004   Data          16  system_stm32f10x.o(.data)
    Ads1292_Config1                          0x20000015   Data           1  ads1292.o(.data)
    Ads1292_Config2                          0x20000016   Data           5  ads1292.o(.data)
    Ads1292_Ch1set                           0x2000001b   Data           3  ads1292.o(.data)
    Ads1292_Ch2set                           0x2000001e   Data           3  ads1292.o(.data)
    Ads1292_Rld_Sens                         0x20000021   Data           6  ads1292.o(.data)
    Ads1292_Loff_Sens                        0x20000027   Data           6  ads1292.o(.data)
    Ads1292_Resp1                            0x2000002d   Data           4  ads1292.o(.data)
    Ads1292_Resp2                            0x20000031   Data           3  ads1292.o(.data)
    ads1292_recive_flag                      0x20000034   Data           1  ads1292.o(.data)
    POINT_COLOR                              0x20000036   Data           2  lcd.o(.data)
    BACK_COLOR                               0x20000038   Data           2  lcd.o(.data)
    fH_Num                                   0x20000040   Data           8  ad9954.o(.data)
    __stdout                                 0x2000004c   Data           4  usart.o(.data)
    USART_RX_STA                             0x20000050   Data           2  usart.o(.data)
    UART4_RX_STA                             0x20000052   Data           2  uart4.o(.data)
    ADS1292_REG                              0x20000068   Data          12  ads1292.o(.bss)
    ads1292_Cache                            0x20000074   Data           9  ads1292.o(.bss)
    lcddev                                   0x2000007e   Data          14  lcd.o(.bss)
    USART_RX_BUF                             0x2000008c   Data         200  usart.o(.bss)
    UART4_RX_BUF                             0x20000154   Data         200  uart4.o(.bss)
    UART4_TX_BUF                             0x2000021c   Data         200  uart4.o(.bss)
    __initial_sp                             0x200006e8   Data           0  startup_stm32f10x_hd.o(STACK)



==============================================================================

Memory Map of the image

  Image Entry point : 0x08000131

  Load Region LR_IROM1 (Base: 0x08000000, Size: 0x0000c1fc, Max: 0x00080000, ABSOLUTE)

    Execution Region ER_IROM1 (Base: 0x08000000, Size: 0x0000c194, Max: 0x00080000, ABSOLUTE)

    Base Addr    Size         Type   Attr      Idx    E Section Name        Object

    0x08000000   0x00000130   Data   RO          509    RESET               startup_stm32f10x_hd.o
    0x08000130   0x00000000   Code   RO          624  * .ARM.Collect$$$$00000000  mc_w.l(entry.o)
    0x08000130   0x00000004   Code   RO          679    .ARM.Collect$$$$00000001  mc_w.l(entry2.o)
    0x08000134   0x00000004   Code   RO          682    .ARM.Collect$$$$00000004  mc_w.l(entry5.o)
    0x08000138   0x00000000   Code   RO          684    .ARM.Collect$$$$00000008  mc_w.l(entry7b.o)
    0x08000138   0x00000000   Code   RO          686    .ARM.Collect$$$$0000000A  mc_w.l(entry8b.o)
    0x08000138   0x00000008   Code   RO          687    .ARM.Collect$$$$0000000B  mc_w.l(entry9a.o)
    0x08000140   0x00000000   Code   RO          689    .ARM.Collect$$$$0000000D  mc_w.l(entry10a.o)
    0x08000140   0x00000000   Code   RO          691    .ARM.Collect$$$$0000000F  mc_w.l(entry11a.o)
    0x08000140   0x00000004   Code   RO          680    .ARM.Collect$$$$00002712  mc_w.l(entry2.o)
    0x08000144   0x000000c4   Code   RO            1    .text               main.o
    0x08000208   0x0000001a   Code   RO          164    .text               stm32f10x_it.o
    0x08000222   0x00000002   PAD
    0x08000224   0x000001e0   Code   RO          205    .text               system_stm32f10x.o
    0x08000404   0x00000034   Code   RO          223    .text               led.o
    0x08000438   0x0000013c   Code   RO          235    .text               key.o
    0x08000574   0x00000168   Code   RO          248    .text               timer.o
    0x080006dc   0x00000348   Code   RO          260    .text               ads115.o
    0x08000a24   0x000000d0   Code   RO          272    .text               spi.o
    0x08000af4   0x00000518   Code   RO          287    .text               ads1292.o
    0x0800100c   0x0000007c   Code   RO          309    .text               dma.o
    0x08001088   0x000000a0   Code   RO          321    .text               exti.o
    0x08001128   0x000003c0   Code   RO          333    .text               mlx90614.o
    0x080014e8   0x000000e8   Code   RO          357    .text               adc.o
    0x080015d0   0x00004a3a   Code   RO          369    .text               lcd.o
    0x0800600a   0x00000002   PAD
    0x0800600c   0x00000c6c   Code   RO          399    .text               ad9954.o
    0x08006c78   0x0000013c   Code   RO          414    .text               delay.o
    0x08006db4   0x00000140   Code   RO          445    .text               usart.o
    0x08006ef4   0x00000174   Code   RO          468    .text               uart4.o
    0x08007068   0x00000024   Code   RO          510    .text               startup_stm32f10x_hd.o
    0x0800708c   0x000000dc   Code   RO          514    .text               misc.o
    0x08007168   0x0000035c   Code   RO          526    .text               stm32f10x_gpio.o
    0x080074c4   0x000003a4   Code   RO          538    .text               stm32f10x_rcc.o
    0x08007868   0x00000e1a   Code   RO          552    .text               stm32f10x_tim.o
    0x08008682   0x00000002   PAD
    0x08008684   0x00000408   Code   RO          564    .text               stm32f10x_usart.o
    0x08008a8c   0x0000011c   Code   RO          576    .text               stm32f10x_exti.o
    0x08008ba8   0x0000030c   Code   RO          588    .text               stm32f10x_spi.o
    0x08008eb4   0x0000044e   Code   RO          600    .text               stm32f10x_adc.o
    0x08009302   0x00000002   PAD
    0x08009304   0x0000060c   Code   RO          612    .text               stm32f10x_fsmc.o
    0x08009910   0x0000000e   Code   RO          627    .text               mc_w.l(strlen.o)
    0x0800991e   0x000000b0   Code   RO          657    .text               mf_w.l(fadd.o)
    0x080099ce   0x0000007c   Code   RO          659    .text               mf_w.l(fdiv.o)
    0x08009a4a   0x0000014e   Code   RO          661    .text               mf_w.l(dadd.o)
    0x08009b98   0x000000e4   Code   RO          663    .text               mf_w.l(dmul.o)
    0x08009c7c   0x000000de   Code   RO          665    .text               mf_w.l(ddiv.o)
    0x08009d5a   0x0000000a   Code   RO          667    .text               mf_w.l(ffltui.o)
    0x08009d64   0x0000001a   Code   RO          669    .text               mf_w.l(dfltui.o)
    0x08009d7e   0x00000028   Code   RO          671    .text               mf_w.l(ffixui.o)
    0x08009da6   0x00000032   Code   RO          673    .text               mf_w.l(dfixui.o)
    0x08009dd8   0x00000026   Code   RO          675    .text               mf_w.l(f2d.o)
    0x08009dfe   0x00000038   Code   RO          677    .text               mf_w.l(d2f.o)
    0x08009e36   0x0000002c   Code   RO          693    .text               mc_w.l(uidiv.o)
    0x08009e62   0x00000062   Code   RO          695    .text               mc_w.l(uldiv.o)
    0x08009ec4   0x0000001e   Code   RO          697    .text               mc_w.l(llshl.o)
    0x08009ee2   0x00000020   Code   RO          699    .text               mc_w.l(llushr.o)
    0x08009f02   0x00000024   Code   RO          701    .text               mc_w.l(llsshr.o)
    0x08009f26   0x00000000   Code   RO          703    .text               mc_w.l(iusefp.o)
    0x08009f26   0x0000006e   Code   RO          704    .text               mf_w.l(fepilogue.o)
    0x08009f94   0x000000ba   Code   RO          706    .text               mf_w.l(depilogue.o)
    0x0800a04e   0x00000030   Code   RO          708    .text               mf_w.l(dfixul.o)
    0x0800a07e   0x00000002   PAD
    0x0800a080   0x00000030   Code   RO          710    .text               mf_w.l(cdrcmple.o)
    0x0800a0b0   0x00000024   Code   RO          712    .text               mc_w.l(init.o)
    0x0800a0d4   0x00000024   Code   RO          636    i.__0vsprintf       mc_w.l(printfa.o)
    0x0800a0f8   0x0000000e   Code   RO          716    i.__scatterload_copy  mc_w.l(handlers.o)
    0x0800a106   0x00000002   Code   RO          717    i.__scatterload_null  mc_w.l(handlers.o)
    0x0800a108   0x0000000e   Code   RO          718    i.__scatterload_zeroinit  mc_w.l(handlers.o)
    0x0800a116   0x00000002   PAD
    0x0800a118   0x00000164   Code   RO          637    i._fp_digits        mc_w.l(printfa.o)
    0x0800a27c   0x000006dc   Code   RO          638    i._printf_core      mc_w.l(printfa.o)
    0x0800a958   0x00000024   Code   RO          639    i._printf_post_padding  mc_w.l(printfa.o)
    0x0800a97c   0x0000002e   Code   RO          640    i._printf_pre_padding  mc_w.l(printfa.o)
    0x0800a9aa   0x0000000a   Code   RO          642    i._sputc            mc_w.l(printfa.o)
    0x0800a9b4   0x000017c0   Data   RO          371    .constdata          lcd.o
    0x0800c174   0x00000020   Data   RO          714    Region$$Table       anon$$obj.o


    Execution Region RW_IRAM1 (Base: 0x20000000, Size: 0x000006e8, Max: 0x00010000, ABSOLUTE)

    Base Addr    Size         Type   Attr      Idx    E Section Name        Object

    0x20000000   0x00000014   Data   RW          206    .data               system_stm32f10x.o
    0x20000014   0x00000001   Data   RW          236    .data               key.o
    0x20000015   0x00000020   Data   RW          289    .data               ads1292.o
    0x20000035   0x00000001   PAD
    0x20000036   0x00000004   Data   RW          372    .data               lcd.o
    0x2000003a   0x00000006   PAD
    0x20000040   0x00000008   Data   RW          400    .data               ad9954.o
    0x20000048   0x00000004   Data   RW          415    .data               delay.o
    0x2000004c   0x00000006   Data   RW          447    .data               usart.o
    0x20000052   0x00000002   Data   RW          470    .data               uart4.o
    0x20000054   0x00000014   Data   RW          539    .data               stm32f10x_rcc.o
    0x20000068   0x00000015   Zero   RW          288    .bss                ads1292.o
    0x2000007d   0x00000001   PAD
    0x2000007e   0x0000000e   Zero   RW          370    .bss                lcd.o
    0x2000008c   0x000000c8   Zero   RW          446    .bss                usart.o
    0x20000154   0x00000190   Zero   RW          469    .bss                uart4.o
    0x200002e4   0x00000004   PAD
    0x200002e8   0x00000400   Zero   RW          507    STACK               startup_stm32f10x_hd.o


==============================================================================

Image component sizes


      Code (inc. data)   RO Data    RW Data    ZI Data      Debug   Object Name

      3180         74          0          8          0       6624   ad9954.o
       232          8          0          0          0       1123   adc.o
       840         30          0          0          0       3180   ads115.o
      1304         66          0         32         21       8213   ads1292.o
       316         16          0          4          0       1263   delay.o
       124          4          0          0          0       1228   dma.o
       160         22          0          0          0        756   exti.o
       316         12          0          1          0        904   key.o
     19002        144       6080          4         14      22426   lcd.o
        52          6          0          0          0        503   led.o
       196         14          0          0          0     280735   main.o
       220         22          0          0          0       1841   misc.o
       960         26          0          0          0       4288   mlx90614.o
       208         10          0          0          0        931   spi.o
        36          8        304          0       1024        796   startup_stm32f10x_hd.o
      1102         26          0          0          0      11081   stm32f10x_adc.o
       284         10          0          0          0       2295   stm32f10x_exti.o
      1548         18          0          0          0       5415   stm32f10x_fsmc.o
       860         38          0          0          0       5773   stm32f10x_gpio.o
        26          0          0          0          0       1198   stm32f10x_it.o
       932         36          0         20          0       8968   stm32f10x_rcc.o
       780         14          0          0          0       6654   stm32f10x_spi.o
      3610         88          0          0          0      22880   stm32f10x_tim.o
      1032         22          0          0          0       8496   stm32f10x_usart.o
         0          0          0          0          0         32   sys.o
       480         38          0         20          0       1799   system_stm32f10x.o
       360         20          0          0          0       1246   timer.o
       372         20          0          2        400       2561   uart4.o
       320         18          0          6        200       3198   usart.o

    ----------------------------------------------------------------------
     38860        810       6416        104       1664     416407   Object Totals
         0          0         32          0          0          0   (incl. Generated)
         8          0          0          7          5          0   (incl. Padding)

    ----------------------------------------------------------------------

      Code (inc. data)   RO Data    RW Data    ZI Data      Debug   Library Member Name

         0          0          0          0          0          0   entry.o
         0          0          0          0          0          0   entry10a.o
         0          0          0          0          0          0   entry11a.o
         8          4          0          0          0          0   entry2.o
         4          0          0          0          0          0   entry5.o
         0          0          0          0          0          0   entry7b.o
         0          0          0          0          0          0   entry8b.o
         8          4          0          0          0          0   entry9a.o
        30          0          0          0          0          0   handlers.o
        36          8          0          0          0         68   init.o
         0          0          0          0          0          0   iusefp.o
        30          0          0          0          0         68   llshl.o
        36          0          0          0          0         68   llsshr.o
        32          0          0          0          0         68   llushr.o
      2240         86          0          0          0        508   printfa.o
        14          0          0          0          0         68   strlen.o
        44          0          0          0          0         80   uidiv.o
        98          0          0          0          0         92   uldiv.o
        48          0          0          0          0         68   cdrcmple.o
        56          0          0          0          0         88   d2f.o
       334          0          0          0          0        148   dadd.o
       222          0          0          0          0        100   ddiv.o
       186          0          0          0          0        176   depilogue.o
        50          0          0          0          0         76   dfixui.o
        48          0          0          0          0         68   dfixul.o
        26          0          0          0          0         76   dfltui.o
       228          0          0          0          0         96   dmul.o
        38          0          0          0          0         68   f2d.o
       176          0          0          0          0        140   fadd.o
       124          0          0          0          0         88   fdiv.o
       110          0          0          0          0        168   fepilogue.o
        40          0          0          0          0         68   ffixui.o
        10          0          0          0          0         68   ffltui.o

    ----------------------------------------------------------------------
      4280        102          0          0          0       2516   Library Totals
         4          0          0          0          0          0   (incl. Padding)

    ----------------------------------------------------------------------

      Code (inc. data)   RO Data    RW Data    ZI Data      Debug   Library Name

      2580        102          0          0          0       1020   mc_w.l
      1696          0          0          0          0       1496   mf_w.l

    ----------------------------------------------------------------------
      4280        102          0          0          0       2516   Library Totals

    ----------------------------------------------------------------------

==============================================================================


      Code (inc. data)   RO Data    RW Data    ZI Data      Debug   

     43140        912       6416        104       1664     415227   Grand Totals
     43140        912       6416        104       1664     415227   ELF Image Totals
     43140        912       6416        104          0          0   ROM Totals

==============================================================================

    Total RO  Size (Code + RO Data)                49556 (  48.39kB)
    Total RW  Size (RW Data + ZI Data)              1768 (   1.73kB)
    Total ROM Size (Code + RO Data + RW Data)      49660 (  48.50kB)

==============================================================================

